{"sessionId":"7e3dd7","location":"Utils.ahk:CloseKeysOverlay","message":"entry","timestamp":13690171,"data":"keysCount=0","hypothesisId":"H2"}
{"sessionId":"7e3dd7","location":"Utils.ahk:StandardLoadingBar_Hide","message":"entry","timestamp":13690171,"data":"delay=0 isKeys=0","hypothesisId":"H2"}
{"sessionId":"7e3dd7","location":"Utils.ahk:StandardLoadingBar_Hide","message":"entry","timestamp":13690203,"data":"delay=3500 isKeys=0","hypothesisId":"H2"}
{"sessionId":"7e3dd7","location":"Utils.ahk:StandardLoadingBar_Hide","message":"entry","timestamp":13693703,"data":"delay=0 isKeys=0","hypothesisId":"H2"}
{"sessionId":"7e3dd7","location":"Utils.ahk:StandardLoadingBar_Hide","message":"entry","timestamp":13703343,"data":"delay=0 isKeys=0","hypothesisId":"H2"}
{"sessionId":"7e3dd7","location":"Utils.ahk:OnCancel","message":"N pressed","timestamp":13706562,"hypothesisId":"H1"}
{"sessionId":"7e3dd7","location":"Utils.ahk:CleanupAndMaybeSubmit","message":"entry","timestamp":13706562,"data":"submit=0 pasteOnly=0","hypothesisId":"H2"}
{"sessionId":"7e3dd7","location":"Utils.ahk:CloseKeysOverlay","message":"entry","timestamp":13706578,"data":"keysCount=3","hypothesisId":"H2"}
{"sessionId":"7e3dd7","location":"Utils.ahk:CloseKeysOverlay","message":"entry","timestamp":13706593,"data":"keysCount=0","hypothesisId":"H2"}
{"sessionId":"7e3dd7","location":"Utils.ahk:StandardLoadingBar_Hide","message":"entry","timestamp":13706593,"data":"delay=0 isKeys=0","hypothesisId":"H2"}
{"sessionId":"7e3dd7","location":"Utils.ahk:StandardLoadingBar_Hide","message":"entry","timestamp":13706625,"data":"delay=1500 isKeys=0","hypothesisId":"H2"}
{"sessionId":"7e3dd7","location":"Utils.ahk:CloseKeysOverlay","message":"entry","timestamp":13706625,"data":"keysCount=0","hypothesisId":"H2"}
{"sessionId":"7e3dd7","location":"Utils.ahk:KeysTimeoutFired","message":"entry","timestamp":13706812,"data":"isKeysOverlay=0","hypothesisId":"H2"}
{"sessionId":"7e3dd7","location":"Utils.ahk:KeysTimeoutFired","message":"skipped callback","timestamp":13706812,"data":"isKeys=0","hypothesisId":"H2"}
{"sessionId":"7e3dd7","location":"Utils.ahk:KeysTimeoutFired","message":"entry","timestamp":13706828,"data":"isKeysOverlay=1","hypothesisId":"H2"}
{"sessionId":"7e3dd7","location":"Utils.ahk:KeysTimeoutFired","message":"calling timeout callback","timestamp":13706843,"hypothesisId":"H2"}
{"sessionId":"7e3dd7","location":"Utils.ahk:OnTimeout","message":"6s timeout fired","timestamp":13706843,"hypothesisId":"H4"}
{"sessionId":"7e3dd7","location":"Utils.ahk:CleanupAndMaybeSubmit","message":"entry","timestamp":13706859,"data":"submit=1 pasteOnly=0","hypothesisId":"H2"}
{"sessionId":"7e3dd7","location":"Utils.ahk:CloseKeysOverlay","message":"entry","timestamp":13706859,"data":"keysCount=3","hypothesisId":"H2"}
{"sessionId":"7e3dd7","location":"Utils.ahk:CloseKeysOverlay","message":"entry","timestamp":13706875,"data":"keysCount=3","hypothesisId":"H2"}
{"sessionId":"7e3dd7","location":"Utils.ahk:GeminiDelayedSubmitFlow","message":"entry","timestamp":13707218,"hypothesisId":"H3"}
{"sessionId":"7e3dd7","location":"Utils.ahk:HotstringGeminiBanner_Show","message":"entry","timestamp":13707218,"data":"text=? Submitting in 4s... [Y] Submit now  [N","hypothesisId":"H3"}
{"sessionId":"7e3dd7","location":"Utils.ahk:GeminiDelayedSubmitFlow","message":"entry","timestamp":13707234,"hypothesisId":"H3"}
{"sessionId":"7e3dd7","location":"Utils.ahk:HotstringGeminiBanner_Show","message":"entry","timestamp":13707234,"data":"text=? Submitting in 4s... [Y] Submit now  [N","hypothesisId":"H3"}
{"sessionId":"7e3dd7","location":"Utils.ahk:CloseKeysOverlay","message":"entry","timestamp":13707250,"data":"keysCount=0","hypothesisId":"H2"}
{"sessionId":"7e3dd7","location":"Utils.ahk:CloseKeysOverlay","message":"entry","timestamp":13707281,"data":"keysCount=0","hypothesisId":"H2"}
{"sessionId":"7e3dd7","location":"Utils.ahk:StandardLoadingBar_Hide","message":"entry","timestamp":13707281,"data":"delay=0 isKeys=0","hypothesisId":"H2"}
{"sessionId":"7e3dd7","location":"Utils.ahk:CloseKeysOverlay","message":"entry","timestamp":13707296,"data":"keysCount=0","hypothesisId":"H2"}
{"sessionId":"7e3dd7","location":"Utils.ahk:StandardLoadingBar_Hide","message":"entry","timestamp":13707296,"data":"delay=0 isKeys=0","hypothesisId":"H2"}
{"sessionId":"7e3dd7","location":"Utils.ahk:CloseKeysOverlay","message":"entry","timestamp":13707328,"data":"keysCount=0","hypothesisId":"H2"}
{"sessionId":"7e3dd7","location":"Utils.ahk:CloseKeysOverlay","message":"entry","timestamp":13707343,"data":"keysCount=0","hypothesisId":"H2"}
{"sessionId":"7e3dd7","location":"Utils.ahk:CloseKeysOverlay","message":"entry","timestamp":13707343,"data":"keysCount=0","hypothesisId":"H2"}
{"sessionId":"7e3dd7","location":"Utils.ahk:StandardLoadingBar_Hide","message":"entry","timestamp":13708125,"data":"delay=0 isKeys=0","hypothesisId":"H2"}
{"sessionId":"7e3dd7","location":"Utils.ahk:GeminiFinalizeSubmit","message":"entry","timestamp":13710328,"data":"autoSubmit=1","hypothesisId":"H5"}
{"sessionId":"7e3dd7","location":"Utils.ahk:StandardLoadingBar_Hide","message":"entry","timestamp":13710328,"data":"delay=0 isKeys=0","hypothesisId":"H2"}
{"sessionId":"7e3dd7","location":"Utils.ahk:GeminiFinalizeSubmit","message":"entry","timestamp":13710343,"data":"autoSubmit=1","hypothesisId":"H5"}
{"sessionId":"7e3dd7","location":"Utils.ahk:StandardLoadingBar_Hide","message":"entry","timestamp":13710359,"data":"delay=0 isKeys=0","hypothesisId":"H2"}
{"sessionId":"7e3dd7","location":"Utils.ahk:ShowAndWait","message":"6s banner showing","timestamp":13774875,"hypothesisId":"H1"}
{"sessionId":"7e3dd7","location":"Utils.ahk:CloseKeysOverlay","message":"entry","timestamp":13774875,"data":"keysCount=0","hypothesisId":"H2"}
{"sessionId":"7e3dd7","location":"Utils.ahk:StandardLoadingBar_Hide","message":"entry","timestamp":13774890,"data":"delay=0 isKeys=0","hypothesisId":"H2"}
{"sessionId":"7e3dd7","location":"Utils.ahk:ShowAndWait","message":"6s banner showing","timestamp":13774906,"hypothesisId":"H1"}
{"sessionId":"7e3dd7","location":"Utils.ahk:CloseKeysOverlay","message":"entry","timestamp":13774921,"data":"keysCount=0","hypothesisId":"H2"}
{"sessionId":"7e3dd7","location":"Utils.ahk:StandardLoadingBar_Hide","message":"entry","timestamp":13774937,"data":"delay=0 isKeys=0","hypothesisId":"H2"}
{"sessionId":"7e3dd7","location":"Utils.ahk:CloseKeysOverlay","message":"entry","timestamp":13774953,"data":"keysCount=0","hypothesisId":"H2"}
{"sessionId":"7e3dd7","location":"Utils.ahk:StandardLoadingBar_Hide","message":"entry","timestamp":13774953,"data":"delay=0 isKeys=0","hypothesisId":"H2"}
{"sessionId":"7e3dd7","location":"Utils.ahk:ShowAndWait","message":"6s banner showing","timestamp":13774984,"hypothesisId":"H1"}
{"sessionId":"7e3dd7","location":"Utils.ahk:CloseKeysOverlay","message":"entry","timestamp":13774984,"data":"keysCount=0","hypothesisId":"H2"}
{"sessionId":"7e3dd7","location":"Utils.ahk:CloseKeysOverlay","message":"entry","timestamp":13775000,"data":"keysCount=0","hypothesisId":"H2"}
{"sessionId":"7e3dd7","location":"Utils.ahk:StandardLoadingBar_Hide","message":"entry","timestamp":13775015,"data":"delay=0 isKeys=0","hypothesisId":"H2"}
{"sessionId":"7e3dd7","location":"Utils.ahk:CloseKeysOverlay","message":"entry","timestamp":13775046,"data":"keysCount=0","hypothesisId":"H2"}
{"sessionId":"7e3dd7","location":"Utils.ahk:StandardLoadingBar_Hide","message":"entry","timestamp":13775046,"data":"delay=0 isKeys=0","hypothesisId":"H2"}
{"sessionId":"7e3dd7","location":"Utils.ahk:OnS","message":"S pressed","timestamp":13776671,"hypothesisId":"H1"}
{"sessionId":"7e3dd7","location":"Utils.ahk:CleanupAndMaybeSubmit","message":"entry","timestamp":13776671,"data":"submit=0 pasteOnly=1","hypothesisId":"H2"}
{"sessionId":"7e3dd7","location":"Utils.ahk:CloseKeysOverlay","message":"entry","timestamp":13776687,"data":"keysCount=3","hypothesisId":"H2"}
{"sessionId":"7e3dd7","location":"Utils.ahk:CloseKeysOverlay","message":"entry","timestamp":13779531,"data":"keysCount=0","hypothesisId":"H2"}
{"sessionId":"7e3dd7","location":"Utils.ahk:KeysTimeoutFired","message":"entry","timestamp":13781000,"data":"isKeysOverlay=1","hypothesisId":"H2"}
{"sessionId":"7e3dd7","location":"Utils.ahk:KeysTimeoutFired","message":"calling timeout callback","timestamp":13781000,"hypothesisId":"H2"}
{"sessionId":"7e3dd7","location":"Utils.ahk:OnTimeout","message":"6s timeout fired","timestamp":13781000,"hypothesisId":"H4"}
{"sessionId":"7e3dd7","location":"Utils.ahk:CleanupAndMaybeSubmit","message":"entry","timestamp":13781015,"data":"submit=1 pasteOnly=0","hypothesisId":"H2"}
{"sessionId":"7e3dd7","location":"Utils.ahk:CloseKeysOverlay","message":"entry","timestamp":13781031,"data":"keysCount=3","hypothesisId":"H2"}
{"sessionId":"7e3dd7","location":"Utils.ahk:KeysTimeoutFired","message":"entry","timestamp":13781062,"data":"isKeysOverlay=1","hypothesisId":"H2"}
{"sessionId":"7e3dd7","location":"Utils.ahk:KeysTimeoutFired","message":"calling timeout callback","timestamp":13781062,"hypothesisId":"H2"}
{"sessionId":"7e3dd7","location":"Utils.ahk:OnTimeout","message":"6s timeout fired","timestamp":13781062,"hypothesisId":"H4"}
{"sessionId":"7e3dd7","location":"Utils.ahk:CleanupAndMaybeSubmit","message":"entry","timestamp":13781078,"data":"submit=1 pasteOnly=0","hypothesisId":"H2"}
{"sessionId":"7e3dd7","location":"Utils.ahk:CloseKeysOverlay","message":"entry","timestamp":13781093,"data":"keysCount=3","hypothesisId":"H2"}
{"sessionId":"7e3dd7","location":"Utils.ahk:KeysTimeoutFired","message":"entry","timestamp":13781109,"data":"isKeysOverlay=1","hypothesisId":"H2"}
{"sessionId":"7e3dd7","location":"Utils.ahk:KeysTimeoutFired","message":"calling timeout callback","timestamp":13781109,"hypothesisId":"H2"}
{"sessionId":"7e3dd7","location":"Utils.ahk:OnTimeout","message":"6s timeout fired","timestamp":13781125,"hypothesisId":"H4"}
{"sessionId":"7e3dd7","location":"Utils.ahk:CleanupAndMaybeSubmit","message":"entry","timestamp":13781125,"data":"submit=1 pasteOnly=0","hypothesisId":"H2"}
{"sessionId":"7e3dd7","location":"Utils.ahk:CloseKeysOverlay","message":"entry","timestamp":13781140,"data":"keysCount=3","hypothesisId":"H2"}
{"sessionId":"7e3dd7","location":"Utils.ahk:KeysTimeoutFired","message":"entry","timestamp":13781171,"data":"isKeysOverlay=1","hypothesisId":"H2"}
{"sessionId":"7e3dd7","location":"Utils.ahk:KeysTimeoutFired","message":"calling timeout callback","timestamp":13781171,"hypothesisId":"H2"}
{"sessionId":"7e3dd7","location":"Utils.ahk:OnTimeout","message":"6s timeout fired","timestamp":13781187,"hypothesisId":"H4"}
{"sessionId":"7e3dd7","location":"Utils.ahk:CleanupAndMaybeSubmit","message":"entry","timestamp":13781203,"data":"submit=1 pasteOnly=0","hypothesisId":"H2"}
{"sessionId":"7e3dd7","location":"Utils.ahk:CloseKeysOverlay","message":"entry","timestamp":13781203,"data":"keysCount=3","hypothesisId":"H2"}
{"sessionId":"7e3dd7","location":"Utils.ahk:GeminiDelayedSubmitFlow","message":"entry","timestamp":13781406,"hypothesisId":"H3"}
{"sessionId":"7e3dd7","location":"Utils.ahk:HotstringGeminiBanner_Show","message":"entry","timestamp":13781406,"data":"text=? Submitting in 4s... [Y] Submit now  [N","hypothesisId":"H3"}
{"sessionId":"7e3dd7","location":"Utils.ahk:CloseKeysOverlay","message":"entry","timestamp":13781421,"data":"keysCount=0","hypothesisId":"H2"}
{"sessionId":"7e3dd7","location":"Utils.ahk:GeminiDelayedSubmitFlow","message":"entry","timestamp":13781468,"hypothesisId":"H3"}
{"sessionId":"7e3dd7","location":"Utils.ahk:HotstringGeminiBanner_Show","message":"entry","timestamp":13781468,"data":"text=? Submitting in 4s... [Y] Submit now  [N","hypothesisId":"H3"}
{"sessionId":"7e3dd7","location":"Utils.ahk:CloseKeysOverlay","message":"entry","timestamp":13781484,"data":"keysCount=0","hypothesisId":"H2"}
{"sessionId":"7e3dd7","location":"Utils.ahk:GeminiDelayedSubmitFlow","message":"entry","timestamp":13781484,"hypothesisId":"H3"}
{"sessionId":"7e3dd7","location":"Utils.ahk:HotstringGeminiBanner_Show","message":"entry","timestamp":13781500,"data":"text=? Submitting in 4s... [Y] Submit now  [N","hypothesisId":"H3"}
{"sessionId":"7e3dd7","location":"Utils.ahk:CloseKeysOverlay","message":"entry","timestamp":13781500,"data":"keysCount=0","hypothesisId":"H2"}
{"sessionId":"7e3dd7","location":"Utils.ahk:CloseKeysOverlay","message":"entry","timestamp":13781515,"data":"keysCount=0","hypothesisId":"H2"}
{"sessionId":"7e3dd7","location":"Utils.ahk:CloseKeysOverlay","message":"entry","timestamp":13781531,"data":"keysCount=0","hypothesisId":"H2"}
{"sessionId":"7e3dd7","location":"Utils.ahk:CloseKeysOverlay","message":"entry","timestamp":13781546,"data":"keysCount=0","hypothesisId":"H2"}
{"sessionId":"7e3dd7","location":"Utils.ahk:StandardLoadingBar_Hide","message":"entry","timestamp":13781546,"data":"delay=0 isKeys=0","hypothesisId":"H2"}
{"sessionId":"7e3dd7","location":"Utils.ahk:CloseKeysOverlay","message":"entry","timestamp":13781562,"data":"keysCount=0","hypothesisId":"H2"}
{"sessionId":"7e3dd7","location":"Utils.ahk:StandardLoadingBar_Hide","message":"entry","timestamp":13781578,"data":"delay=0 isKeys=0","hypothesisId":"H2"}
{"sessionId":"7e3dd7","location":"Utils.ahk:CloseKeysOverlay","message":"entry","timestamp":13781593,"data":"keysCount=0","hypothesisId":"H2"}
{"sessionId":"7e3dd7","location":"Utils.ahk:CloseKeysOverlay","message":"entry","timestamp":13781625,"data":"keysCount=0","hypothesisId":"H2"}
{"sessionId":"7e3dd7","location":"Utils.ahk:CloseKeysOverlay","message":"entry","timestamp":13781656,"data":"keysCount=0","hypothesisId":"H2"}
{"sessionId":"7e3dd7","location":"Utils.ahk:StandardLoadingBar_Hide","message":"entry","timestamp":13781656,"data":"delay=0 isKeys=0","hypothesisId":"H2"}
{"sessionId":"7e3dd7","location":"Utils.ahk:CloseKeysOverlay","message":"entry","timestamp":13781703,"data":"keysCount=0","hypothesisId":"H2"}
{"sessionId":"7e3dd7","location":"Utils.ahk:CloseKeysOverlay","message":"entry","timestamp":13781718,"data":"keysCount=0","hypothesisId":"H2"}
{"sessionId":"7e3dd7","location":"Utils.ahk:CloseKeysOverlay","message":"entry","timestamp":13781718,"data":"keysCount=0","hypothesisId":"H2"}
{"sessionId":"7e3dd7","location":"Utils.ahk:CloseKeysOverlay","message":"entry","timestamp":13781750,"data":"keysCount=0","hypothesisId":"H2"}
{"sessionId":"7e3dd7","location":"Utils.ahk:GeminiFinalizeSubmit","message":"entry","timestamp":13784609,"data":"autoSubmit=1","hypothesisId":"H5"}
{"sessionId":"7e3dd7","location":"Utils.ahk:StandardLoadingBar_Hide","message":"entry","timestamp":13784609,"data":"delay=0 isKeys=0","hypothesisId":"H2"}
{"sessionId":"7e3dd7","location":"Utils.ahk:GeminiFinalizeSubmit","message":"entry","timestamp":13784625,"data":"autoSubmit=1","hypothesisId":"H5"}
{"sessionId":"7e3dd7","location":"Utils.ahk:StandardLoadingBar_Hide","message":"entry","timestamp":13784640,"data":"delay=0 isKeys=0","hypothesisId":"H2"}
{"sessionId":"7e3dd7","location":"Utils.ahk:GeminiFinalizeSubmit","message":"entry","timestamp":13784703,"data":"autoSubmit=1","hypothesisId":"H5"}
{"sessionId":"7e3dd7","location":"Utils.ahk:GeminiFinalizeSubmit","message":"entry","timestamp":13784718,"data":"autoSubmit=1","hypothesisId":"H5"}
{"sessionId":"7e3dd7","location":"Utils.ahk:StandardLoadingBar_Hide","message":"entry","timestamp":13784718,"data":"delay=0 isKeys=0","hypothesisId":"H2"}
{"sessionId":"7e3dd7","location":"Utils.ahk:GeminiFinalizeSubmit","message":"entry","timestamp":13784750,"data":"autoSubmit=1","hypothesisId":"H5"}
{"sessionId":"7e3dd7","location":"Utils.ahk:StandardLoadingBar_Hide","message":"entry","timestamp":13784765,"data":"delay=0 isKeys=0","hypothesisId":"H2"}
{"sessionId":"7e3dd7","location":"Utils.ahk:CloseKeysOverlay","message":"entry","timestamp":13796390,"data":"keysCount=0","hypothesisId":"H2"}
{"sessionId":"7e3dd7","location":"Utils.ahk:StandardLoadingBar_Hide","message":"entry","timestamp":13796390,"data":"delay=0 isKeys=0","hypothesisId":"H2"}
{"sessionId":"7e3dd7","location":"Utils.ahk:KeysTimeoutFired","message":"entry","timestamp":13801750,"data":"isKeysOverlay=1","hypothesisId":"H2"}
{"sessionId":"7e3dd7","location":"Utils.ahk:KeysTimeoutFired","message":"calling timeout callback","timestamp":13801750,"hypothesisId":"H2"}
{"sessionId":"7e3dd7","location":"Utils.ahk:CloseKeysOverlay","message":"entry","timestamp":13805093,"data":"keysCount=4","hypothesisId":"H2"}
{"sessionId":"7e3dd7","location":"Utils.ahk:CloseKeysOverlay","message":"entry","timestamp":14039250,"data":"keysCount=0","hypothesisId":"H2"}
{"sessionId":"7e3dd7","location":"Utils.ahk:StandardLoadingBar_Hide","message":"entry","timestamp":14039250,"data":"delay=0 isKeys=0","hypothesisId":"H2"}
{"sessionId":"7e3dd7","location":"Utils.ahk:KeysTimeoutFired","message":"entry","timestamp":14050031,"data":"isKeysOverlay=1","hypothesisId":"H2"}
{"sessionId":"7e3dd7","location":"Utils.ahk:KeysTimeoutFired","message":"calling timeout callback","timestamp":14050031,"hypothesisId":"H2"}
{"sessionId":"7e3dd7","location":"Utils.ahk:CloseKeysOverlay","message":"entry","timestamp":14052296,"data":"keysCount=4","hypothesisId":"H2"}
{"sessionId":"7e3dd7","location":"Utils.ahk:CloseKeysOverlay","message":"entry","timestamp":14056000,"data":"keysCount=0","hypothesisId":"H2"}
{"sessionId":"7e3dd7","location":"Utils.ahk:CloseKeysOverlay","message":"entry","timestamp":14179031,"data":"keysCount=0","hypothesisId":"H2"}
{"sessionId":"7e3dd7","location":"Utils.ahk:StandardLoadingBar_Hide","message":"entry","timestamp":14179031,"data":"delay=0 isKeys=0","hypothesisId":"H2"}
{"sessionId":"7e3dd7","location":"Utils.ahk:StandardLoadingBar_Hide","message":"entry","timestamp":14179062,"data":"delay=3500 isKeys=0","hypothesisId":"H2"}
{"sessionId":"7e3dd7","location":"Utils.ahk:StandardLoadingBar_Hide","message":"entry","timestamp":14182562,"data":"delay=0 isKeys=0","hypothesisId":"H2"}
{"sessionId":"7e3dd7","location":"Utils.ahk:ShowAndWait","message":"6s banner showing","timestamp":14187062,"hypothesisId":"H1"}
{"sessionId":"7e3dd7","location":"Utils.ahk:CloseKeysOverlay","message":"entry","timestamp":14187062,"data":"keysCount=0","hypothesisId":"H2"}
{"sessionId":"7e3dd7","location":"Utils.ahk:StandardLoadingBar_Hide","message":"entry","timestamp":14187078,"data":"delay=0 isKeys=0","hypothesisId":"H2"}
{"sessionId":"7e3dd7","location":"Utils.ahk:CloseKeysOverlay","message":"entry","timestamp":14187078,"data":"keysCount=0","hypothesisId":"H2"}
{"sessionId":"7e3dd7","location":"Utils.ahk:StandardLoadingBar_Hide","message":"entry","timestamp":14187093,"data":"delay=0 isKeys=0","hypothesisId":"H2"}
{"sessionId":"7e3dd7","location":"Utils.ahk:CloseKeysOverlay","message":"entry","timestamp":14187109,"data":"keysCount=0","hypothesisId":"H2"}
{"sessionId":"7e3dd7","location":"Utils.ahk:StandardLoadingBar_Hide","message":"entry","timestamp":14187109,"data":"delay=0 isKeys=0","hypothesisId":"H2"}
{"sessionId":"7e3dd7","location":"Utils.ahk:CloseKeysOverlay","message":"entry","timestamp":14187125,"data":"keysCount=0","hypothesisId":"H2"}
{"sessionId":"7e3dd7","location":"Utils.ahk:StandardLoadingBar_Hide","message":"entry","timestamp":14187140,"data":"delay=0 isKeys=0","hypothesisId":"H2"}
{"sessionId":"7e3dd7","location":"Utils.ahk:CloseKeysOverlay","message":"entry","timestamp":14187156,"data":"keysCount=0","hypothesisId":"H2"}
{"sessionId":"7e3dd7","location":"Utils.ahk:StandardLoadingBar_Hide","message":"entry","timestamp":14187156,"data":"delay=0 isKeys=0","hypothesisId":"H2"}
{"sessionId":"7e3dd7","location":"Utils.ahk:CloseKeysOverlay","message":"entry","timestamp":14187171,"data":"keysCount=0","hypothesisId":"H2"}
{"sessionId":"7e3dd7","location":"Utils.ahk:StandardLoadingBar_Hide","message":"entry","timestamp":14187171,"data":"delay=0 isKeys=0","hypothesisId":"H2"}
{"sessionId":"7e3dd7","location":"Utils.ahk:CloseKeysOverlay","message":"entry","timestamp":14187187,"data":"keysCount=0","hypothesisId":"H2"}
{"sessionId":"7e3dd7","location":"Utils.ahk:StandardLoadingBar_Hide","message":"entry","timestamp":14187187,"data":"delay=0 isKeys=0","hypothesisId":"H2"}
{"sessionId":"7e3dd7","location":"Utils.ahk:OnCancel","message":"N pressed","timestamp":14188109,"hypothesisId":"H1"}
{"sessionId":"7e3dd7","location":"Utils.ahk:CleanupAndMaybeSubmit","message":"entry","timestamp":14188125,"data":"submit=0 pasteOnly=0","hypothesisId":"H2"}
{"sessionId":"7e3dd7","location":"Utils.ahk:CloseKeysOverlay","message":"entry","timestamp":14188125,"data":"keysCount=3","hypothesisId":"H2"}
{"sessionId":"7e3dd7","location":"Utils.ahk:CloseKeysOverlay","message":"entry","timestamp":14188140,"data":"keysCount=0","hypothesisId":"H2"}
{"sessionId":"7e3dd7","location":"Utils.ahk:StandardLoadingBar_Hide","message":"entry","timestamp":14188140,"data":"delay=0 isKeys=0","hypothesisId":"H2"}
{"sessionId":"7e3dd7","location":"Utils.ahk:StandardLoadingBar_Hide","message":"entry","timestamp":14188171,"data":"delay=1500 isKeys=0","hypothesisId":"H2"}
{"sessionId":"7e3dd7","location":"Utils.ahk:CloseKeysOverlay","message":"entry","timestamp":14188171,"data":"keysCount=0","hypothesisId":"H2"}
{"sessionId":"7e3dd7","location":"Utils.ahk:StandardLoadingBar_Hide","message":"entry","timestamp":14189671,"data":"delay=0 isKeys=0","hypothesisId":"H2"}
{"sessionId":"7e3dd7","location":"Utils.ahk:OnCancel","message":"N pressed","timestamp":14191484,"hypothesisId":"H1"}
{"sessionId":"7e3dd7","location":"Utils.ahk:CleanupAndMaybeSubmit","message":"entry","timestamp":14191484,"data":"submit=0 pasteOnly=0","hypothesisId":"H2"}
{"sessionId":"7e3dd7","location":"Utils.ahk:CloseKeysOverlay","message":"entry","timestamp":14191500,"data":"keysCount=3","hypothesisId":"H2"}
{"sessionId":"7e3dd7","location":"Utils.ahk:CloseKeysOverlay","message":"entry","timestamp":14191515,"data":"keysCount=0","hypothesisId":"H2"}
{"sessionId":"7e3dd7","location":"Utils.ahk:StandardLoadingBar_Hide","message":"entry","timestamp":14191515,"data":"delay=0 isKeys=0","hypothesisId":"H2"}
{"sessionId":"7e3dd7","location":"Utils.ahk:StandardLoadingBar_Hide","message":"entry","timestamp":14191531,"data":"delay=1500 isKeys=0","hypothesisId":"H2"}
{"sessionId":"7e3dd7","location":"Utils.ahk:CloseKeysOverlay","message":"entry","timestamp":14191531,"data":"keysCount=0","hypothesisId":"H2"}
{"sessionId":"7e3dd7","location":"Utils.ahk:StandardLoadingBar_Hide","message":"entry","timestamp":14193031,"data":"delay=0 isKeys=0","hypothesisId":"H2"}
{"sessionId":"7e3dd7","location":"Utils.ahk:KeysTimeoutFired","message":"entry","timestamp":14193156,"data":"isKeysOverlay=1","hypothesisId":"H2"}
{"sessionId":"7e3dd7","location":"Utils.ahk:KeysTimeoutFired","message":"calling timeout callback","timestamp":14193156,"hypothesisId":"H2"}
{"sessionId":"7e3dd7","location":"Utils.ahk:OnTimeout","message":"6s timeout fired","timestamp":14193156,"hypothesisId":"H4"}
{"sessionId":"7e3dd7","location":"Utils.ahk:CleanupAndMaybeSubmit","message":"entry","timestamp":14193171,"data":"submit=1 pasteOnly=0","hypothesisId":"H2"}
{"sessionId":"7e3dd7","location":"Utils.ahk:KeysTimeoutFired","message":"entry","timestamp":14193187,"data":"isKeysOverlay=0","hypothesisId":"H2"}
{"sessionId":"7e3dd7","location":"Utils.ahk:KeysTimeoutFired","message":"skipped callback","timestamp":14193187,"data":"isKeys=0","hypothesisId":"H2"}
{"sessionId":"7e3dd7","location":"Utils.ahk:CloseKeysOverlay","message":"entry","timestamp":14193203,"data":"keysCount=0","hypothesisId":"H2"}
{"sessionId":"7e3dd7","location":"Utils.ahk:CloseKeysOverlay","message":"entry","timestamp":14193218,"data":"keysCount=3","hypothesisId":"H2"}
{"sessionId":"7e3dd7","location":"Utils.ahk:KeysTimeoutFired","message":"entry","timestamp":14193250,"data":"isKeysOverlay=1","hypothesisId":"H2"}
{"sessionId":"7e3dd7","location":"Utils.ahk:KeysTimeoutFired","message":"calling timeout callback","timestamp":14193250,"hypothesisId":"H2"}
{"sessionId":"7e3dd7","location":"Utils.ahk:OnTimeout","message":"6s timeout fired","timestamp":14193250,"hypothesisId":"H4"}
{"sessionId":"7e3dd7","location":"Utils.ahk:CleanupAndMaybeSubmit","message":"entry","timestamp":14193265,"data":"submit=1 pasteOnly=0","hypothesisId":"H2"}
{"sessionId":"7e3dd7","location":"Utils.ahk:CloseKeysOverlay","message":"entry","timestamp":14193265,"data":"keysCount=3","hypothesisId":"H2"}
{"sessionId":"7e3dd7","location":"Utils.ahk:GeminiDelayedSubmitFlow","message":"entry","timestamp":14193562,"hypothesisId":"H3"}
{"sessionId":"7e3dd7","location":"Utils.ahk:GeminiDelayedSubmitFlow","message":"entry","timestamp":14193562,"hypothesisId":"H3"}
{"sessionId":"7e3dd7","location":"Utils.ahk:HotstringGeminiBanner_Show","message":"entry","timestamp":14193578,"data":"text=? Submitting in 4s... [Y] Submit now  [N","hypothesisId":"H3"}
{"sessionId":"7e3dd7","location":"Utils.ahk:CloseKeysOverlay","message":"entry","timestamp":14193593,"data":"keysCount=0","hypothesisId":"H2"}
{"sessionId":"7e3dd7","location":"Utils.ahk:CloseKeysOverlay","message":"entry","timestamp":14193609,"data":"keysCount=0","hypothesisId":"H2"}
{"sessionId":"7e3dd7","location":"Utils.ahk:StandardLoadingBar_Hide","message":"entry","timestamp":14193609,"data":"delay=0 isKeys=0","hypothesisId":"H2"}
{"sessionId":"7e3dd7","location":"Utils.ahk:CloseKeysOverlay","message":"entry","timestamp":14193625,"data":"keysCount=0","hypothesisId":"H2"}
{"sessionId":"7e3dd7","location":"Utils.ahk:StandardLoadingBar_Hide","message":"entry","timestamp":14193625,"data":"delay=0 isKeys=0","hypothesisId":"H2"}
{"sessionId":"7e3dd7","location":"Utils.ahk:GeminiDelayedSubmitFlow","message":"entry","timestamp":14193640,"hypothesisId":"H3"}
{"sessionId":"7e3dd7","location":"Utils.ahk:HotstringGeminiBanner_Show","message":"entry","timestamp":14193640,"data":"text=? Submitting in 4s... [Y] Submit now  [N","hypothesisId":"H3"}
{"sessionId":"7e3dd7","location":"Utils.ahk:CloseKeysOverlay","message":"entry","timestamp":14193656,"data":"keysCount=0","hypothesisId":"H2"}
{"sessionId":"7e3dd7","location":"Utils.ahk:CloseKeysOverlay","message":"entry","timestamp":14193656,"data":"keysCount=0","hypothesisId":"H2"}
{"sessionId":"7e3dd7","location":"Utils.ahk:CloseKeysOverlay","message":"entry","timestamp":14193671,"data":"keysCount=0","hypothesisId":"H2"}
{"sessionId":"7e3dd7","location":"Utils.ahk:CloseKeysOverlay","message":"entry","timestamp":14193687,"data":"keysCount=0","hypothesisId":"H2"}
{"sessionId":"7e3dd7","location":"Utils.ahk:CloseKeysOverlay","message":"entry","timestamp":14193718,"data":"keysCount=0","hypothesisId":"H2"}
{"sessionId":"7e3dd7","location":"Utils.ahk:StandardLoadingBar_Hide","message":"entry","timestamp":14193718,"data":"delay=0 isKeys=0","hypothesisId":"H2"}
{"sessionId":"7e3dd7","location":"Utils.ahk:CloseKeysOverlay","message":"entry","timestamp":14193734,"data":"keysCount=0","hypothesisId":"H2"}
{"sessionId":"7e3dd7","location":"Utils.ahk:GeminiFinalizeSubmit","message":"entry","timestamp":14196656,"data":"autoSubmit=1","hypothesisId":"H5"}
{"sessionId":"7e3dd7","location":"Utils.ahk:StandardLoadingBar_Hide","message":"entry","timestamp":14196656,"data":"delay=0 isKeys=0","hypothesisId":"H2"}
{"sessionId":"7e3dd7","location":"Utils.ahk:StandardLoadingBar_Hide","message":"entry","timestamp":14196671,"data":"delay=0 isKeys=0","hypothesisId":"H2"}
{"sessionId":"7e3dd7","location":"Utils.ahk:GeminiFinalizeSubmit","message":"entry","timestamp":14196734,"data":"autoSubmit=1","hypothesisId":"H5"}
{"sessionId":"7e3dd7","location":"Utils.ahk:StandardLoadingBar_Hide","message":"entry","timestamp":14196765,"data":"delay=0 isKeys=0","hypothesisId":"H2"}
{"sessionId":"7e3dd7","location":"Utils.ahk:ShowAndWait","message":"6s banner showing","timestamp":14215375,"hypothesisId":"H1"}
{"sessionId":"7e3dd7","location":"Utils.ahk:CloseKeysOverlay","message":"entry","timestamp":14215375,"data":"keysCount=0","hypothesisId":"H2"}
{"sessionId":"7e3dd7","location":"Utils.ahk:StandardLoadingBar_Hide","message":"entry","timestamp":14215390,"data":"delay=0 isKeys=0","hypothesisId":"H2"}
{"sessionId":"7e3dd7","location":"Utils.ahk:ShowAndWait","message":"6s banner showing","timestamp":14215406,"hypothesisId":"H1"}
{"sessionId":"7e3dd7","location":"Utils.ahk:CloseKeysOverlay","message":"entry","timestamp":14215406,"data":"keysCount=0","hypothesisId":"H2"}
{"sessionId":"7e3dd7","location":"Utils.ahk:StandardLoadingBar_Hide","message":"entry","timestamp":14215421,"data":"delay=0 isKeys=0","hypothesisId":"H2"}
{"sessionId":"7e3dd7","location":"Utils.ahk:CloseKeysOverlay","message":"entry","timestamp":14215437,"data":"keysCount=0","hypothesisId":"H2"}
{"sessionId":"7e3dd7","location":"Utils.ahk:CloseKeysOverlay","message":"entry","timestamp":14215437,"data":"keysCount=0","hypothesisId":"H2"}
{"sessionId":"7e3dd7","location":"Utils.ahk:StandardLoadingBar_Hide","message":"entry","timestamp":14215437,"data":"delay=0 isKeys=0","hypothesisId":"H2"}
{"sessionId":"7e3dd7","location":"Utils.ahk:CloseKeysOverlay","message":"entry","timestamp":14215468,"data":"keysCount=0","hypothesisId":"H2"}
{"sessionId":"7e3dd7","location":"Utils.ahk:StandardLoadingBar_Hide","message":"entry","timestamp":14215468,"data":"delay=0 isKeys=0","hypothesisId":"H2"}
{"sessionId":"7e3dd7","location":"Utils.ahk:CloseKeysOverlay","message":"entry","timestamp":14215484,"data":"keysCount=0","hypothesisId":"H2"}
{"sessionId":"7e3dd7","location":"Utils.ahk:StandardLoadingBar_Hide","message":"entry","timestamp":14215484,"data":"delay=0 isKeys=0","hypothesisId":"H2"}
{"sessionId":"7e3dd7","location":"Utils.ahk:CloseKeysOverlay","message":"entry","timestamp":14215484,"data":"keysCount=0","hypothesisId":"H2"}
{"sessionId":"7e3dd7","location":"Utils.ahk:CloseKeysOverlay","message":"entry","timestamp":14215500,"data":"keysCount=0","hypothesisId":"H2"}
{"sessionId":"7e3dd7","location":"Utils.ahk:StandardLoadingBar_Hide","message":"entry","timestamp":14215500,"data":"delay=0 isKeys=0","hypothesisId":"H2"}
{"sessionId":"7e3dd7","location":"Utils.ahk:OnCancel","message":"N pressed","timestamp":14216265,"hypothesisId":"H1"}
{"sessionId":"7e3dd7","location":"Utils.ahk:CleanupAndMaybeSubmit","message":"entry","timestamp":14216265,"data":"submit=0 pasteOnly=0","hypothesisId":"H2"}
{"sessionId":"7e3dd7","location":"Utils.ahk:CloseKeysOverlay","message":"entry","timestamp":14216265,"data":"keysCount=3","hypothesisId":"H2"}
{"sessionId":"7e3dd7","location":"Utils.ahk:CloseKeysOverlay","message":"entry","timestamp":14216281,"data":"keysCount=0","hypothesisId":"H2"}
{"sessionId":"7e3dd7","location":"Utils.ahk:StandardLoadingBar_Hide","message":"entry","timestamp":14216281,"data":"delay=0 isKeys=0","hypothesisId":"H2"}
{"sessionId":"7e3dd7","location":"Utils.ahk:StandardLoadingBar_Hide","message":"entry","timestamp":14216312,"data":"delay=1500 isKeys=0","hypothesisId":"H2"}
{"sessionId":"7e3dd7","location":"Utils.ahk:CloseKeysOverlay","message":"entry","timestamp":14216312,"data":"keysCount=0","hypothesisId":"H2"}
{"sessionId":"7e3dd7","location":"Utils.ahk:StandardLoadingBar_Hide","message":"entry","timestamp":14217812,"data":"delay=0 isKeys=0","hypothesisId":"H2"}
{"sessionId":"7e3dd7","location":"Utils.ahk:KeysTimeoutFired","message":"entry","timestamp":14221468,"data":"isKeysOverlay=1","hypothesisId":"H2"}
{"sessionId":"7e3dd7","location":"Utils.ahk:KeysTimeoutFired","message":"calling timeout callback","timestamp":14221468,"hypothesisId":"H2"}
{"sessionId":"7e3dd7","location":"Utils.ahk:OnTimeout","message":"6s timeout fired","timestamp":14221484,"hypothesisId":"H4"}
{"sessionId":"7e3dd7","location":"Utils.ahk:CleanupAndMaybeSubmit","message":"entry","timestamp":14221484,"data":"submit=1 pasteOnly=0","hypothesisId":"H2"}
{"sessionId":"7e3dd7","location":"Utils.ahk:CloseKeysOverlay","message":"entry","timestamp":14221500,"data":"keysCount=3","hypothesisId":"H2"}
{"sessionId":"7e3dd7","location":"Utils.ahk:KeysTimeoutFired","message":"entry","timestamp":14221515,"data":"isKeysOverlay=1","hypothesisId":"H2"}
{"sessionId":"7e3dd7","location":"Utils.ahk:KeysTimeoutFired","message":"calling timeout callback","timestamp":14221515,"hypothesisId":"H2"}
{"sessionId":"7e3dd7","location":"Utils.ahk:OnTimeout","message":"6s timeout fired","timestamp":14221515,"hypothesisId":"H4"}
{"sessionId":"7e3dd7","location":"Utils.ahk:CleanupAndMaybeSubmit","message":"entry","timestamp":14221531,"data":"submit=1 pasteOnly=0","hypothesisId":"H2"}
{"sessionId":"7e3dd7","location":"Utils.ahk:CloseKeysOverlay","message":"entry","timestamp":14221531,"data":"keysCount=3","hypothesisId":"H2"}
{"sessionId":"7e3dd7","location":"Utils.ahk:GeminiDelayedSubmitFlow","message":"entry","timestamp":14221875,"hypothesisId":"H3"}
{"sessionId":"7e3dd7","location":"Utils.ahk:HotstringGeminiBanner_Show","message":"entry","timestamp":14221875,"data":"text=? Submitting in 4s... [Y] Submit now  [N","hypothesisId":"H3"}
{"sessionId":"7e3dd7","location":"Utils.ahk:CloseKeysOverlay","message":"entry","timestamp":14221890,"data":"keysCount=0","hypothesisId":"H2"}
{"sessionId":"7e3dd7","location":"Utils.ahk:GeminiDelayedSubmitFlow","message":"entry","timestamp":14221906,"hypothesisId":"H3"}
{"sessionId":"7e3dd7","location":"Utils.ahk:HotstringGeminiBanner_Show","message":"entry","timestamp":14221906,"data":"text=? Submitting in 4s... [Y] Submit now  [N","hypothesisId":"H3"}
{"sessionId":"7e3dd7","location":"Utils.ahk:CloseKeysOverlay","message":"entry","timestamp":14221906,"data":"keysCount=0","hypothesisId":"H2"}
{"sessionId":"7e3dd7","location":"Utils.ahk:CloseKeysOverlay","message":"entry","timestamp":14221937,"data":"keysCount=0","hypothesisId":"H2"}
{"sessionId":"7e3dd7","location":"Utils.ahk:StandardLoadingBar_Hide","message":"entry","timestamp":14221937,"data":"delay=0 isKeys=0","hypothesisId":"H2"}
{"sessionId":"7e3dd7","location":"Utils.ahk:CloseKeysOverlay","message":"entry","timestamp":14221968,"data":"keysCount=0","hypothesisId":"H2"}
{"sessionId":"7e3dd7","location":"Utils.ahk:StandardLoadingBar_Hide","message":"entry","timestamp":14221968,"data":"delay=0 isKeys=0","hypothesisId":"H2"}
{"sessionId":"7e3dd7","location":"Utils.ahk:CloseKeysOverlay","message":"entry","timestamp":14222000,"data":"keysCount=0","hypothesisId":"H2"}
{"sessionId":"7e3dd7","location":"Utils.ahk:CloseKeysOverlay","message":"entry","timestamp":14222000,"data":"keysCount=0","hypothesisId":"H2"}
{"sessionId":"7e3dd7","location":"Utils.ahk:CloseKeysOverlay","message":"entry","timestamp":14222015,"data":"keysCount=0","hypothesisId":"H2"}
{"sessionId":"7e3dd7","location":"Utils.ahk:CloseKeysOverlay","message":"entry","timestamp":14222015,"data":"keysCount=0","hypothesisId":"H2"}
{"sessionId":"7e3dd7","location":"Utils.ahk:GeminiFinalizeSubmit","message":"entry","timestamp":14225000,"data":"autoSubmit=1","hypothesisId":"H5"}
{"sessionId":"7e3dd7","location":"Utils.ahk:GeminiFinalizeSubmit","message":"entry","timestamp":14225000,"data":"autoSubmit=1","hypothesisId":"H5"}
{"sessionId":"7e3dd7","location":"Utils.ahk:GeminiFinalizeSubmit","message":"entry","timestamp":14225015,"data":"autoSubmit=1","hypothesisId":"H5"}
{"sessionId":"7e3dd7","location":"Utils.ahk:StandardLoadingBar_Hide","message":"entry","timestamp":14225031,"data":"delay=0 isKeys=0","hypothesisId":"H2"}
{"sessionId":"7e3dd7","location":"Utils.ahk:ShowAndWait","message":"6s banner showing","timestamp":14242500,"hypothesisId":"H1"}
{"sessionId":"7e3dd7","location":"Utils.ahk:CloseKeysOverlay","message":"entry","timestamp":14242500,"data":"keysCount=0","hypothesisId":"H2"}
{"sessionId":"7e3dd7","location":"Utils.ahk:StandardLoadingBar_Hide","message":"entry","timestamp":14242515,"data":"delay=0 isKeys=0","hypothesisId":"H2"}
{"sessionId":"7e3dd7","location":"Utils.ahk:ShowAndWait","message":"6s banner showing","timestamp":14242531,"hypothesisId":"H1"}
{"sessionId":"7e3dd7","location":"Utils.ahk:CloseKeysOverlay","message":"entry","timestamp":14242562,"data":"keysCount=0","hypothesisId":"H2"}
{"sessionId":"7e3dd7","location":"Utils.ahk:StandardLoadingBar_Hide","message":"entry","timestamp":14242578,"data":"delay=0 isKeys=0","hypothesisId":"H2"}
{"sessionId":"7e3dd7","location":"Utils.ahk:CloseKeysOverlay","message":"entry","timestamp":14242609,"data":"keysCount=0","hypothesisId":"H2"}
{"sessionId":"7e3dd7","location":"Utils.ahk:StandardLoadingBar_Hide","message":"entry","timestamp":14242609,"data":"delay=0 isKeys=0","hypothesisId":"H2"}
{"sessionId":"7e3dd7","location":"Utils.ahk:CloseKeysOverlay","message":"entry","timestamp":14242640,"data":"keysCount=0","hypothesisId":"H2"}
{"sessionId":"7e3dd7","location":"Utils.ahk:StandardLoadingBar_Hide","message":"entry","timestamp":14242656,"data":"delay=0 isKeys=0","hypothesisId":"H2"}
{"sessionId":"7e3dd7","location":"Utils.ahk:OnCancel","message":"N pressed","timestamp":14244281,"hypothesisId":"H1"}
{"sessionId":"7e3dd7","location":"Utils.ahk:CleanupAndMaybeSubmit","message":"entry","timestamp":14244281,"data":"submit=0 pasteOnly=0","hypothesisId":"H2"}
{"sessionId":"7e3dd7","location":"Utils.ahk:CloseKeysOverlay","message":"entry","timestamp":14244281,"data":"keysCount=3","hypothesisId":"H2"}
{"sessionId":"7e3dd7","location":"Utils.ahk:CloseKeysOverlay","message":"entry","timestamp":14244296,"data":"keysCount=0","hypothesisId":"H2"}
{"sessionId":"7e3dd7","location":"Utils.ahk:StandardLoadingBar_Hide","message":"entry","timestamp":14244296,"data":"delay=0 isKeys=0","hypothesisId":"H2"}
{"sessionId":"7e3dd7","location":"Utils.ahk:StandardLoadingBar_Hide","message":"entry","timestamp":14244328,"data":"delay=1500 isKeys=0","hypothesisId":"H2"}
{"sessionId":"7e3dd7","location":"Utils.ahk:CloseKeysOverlay","message":"entry","timestamp":14244328,"data":"keysCount=0","hypothesisId":"H2"}
{"sessionId":"7e3dd7","location":"Utils.ahk:StandardLoadingBar_Hide","message":"entry","timestamp":14245828,"data":"delay=0 isKeys=0","hypothesisId":"H2"}
{"sessionId":"7e3dd7","location":"Utils.ahk:KeysTimeoutFired","message":"entry","timestamp":14248750,"data":"isKeysOverlay=0","hypothesisId":"H2"}
{"sessionId":"7e3dd7","location":"Utils.ahk:KeysTimeoutFired","message":"skipped callback","timestamp":14248750,"data":"isKeys=0","hypothesisId":"H2"}
{"sessionId":"7e3dd7","location":"Utils.ahk:CloseKeysOverlay","message":"entry","timestamp":14248750,"data":"keysCount=0","hypothesisId":"H2"}
{"sessionId":"7e3dd7","location":"Utils.ahk:KeysTimeoutFired","message":"entry","timestamp":14248796,"data":"isKeysOverlay=1","hypothesisId":"H2"}
{"sessionId":"7e3dd7","location":"Utils.ahk:KeysTimeoutFired","message":"calling timeout callback","timestamp":14248796,"hypothesisId":"H2"}
{"sessionId":"7e3dd7","location":"Utils.ahk:OnTimeout","message":"6s timeout fired","timestamp":14248796,"hypothesisId":"H4"}
{"sessionId":"7e3dd7","location":"Utils.ahk:CleanupAndMaybeSubmit","message":"entry","timestamp":14248812,"data":"submit=1 pasteOnly=0","hypothesisId":"H2"}
{"sessionId":"7e3dd7","location":"Utils.ahk:CloseKeysOverlay","message":"entry","timestamp":14248812,"data":"keysCount=3","hypothesisId":"H2"}
{"sessionId":"7e3dd7","location":"Utils.ahk:KeysTimeoutFired","message":"entry","timestamp":14248843,"data":"isKeysOverlay=1","hypothesisId":"H2"}
{"sessionId":"7e3dd7","location":"Utils.ahk:KeysTimeoutFired","message":"calling timeout callback","timestamp":14248843,"hypothesisId":"H2"}
{"sessionId":"7e3dd7","location":"Utils.ahk:OnTimeout","message":"6s timeout fired","timestamp":14248843,"hypothesisId":"H4"}
{"sessionId":"7e3dd7","location":"Utils.ahk:CleanupAndMaybeSubmit","message":"entry","timestamp":14248859,"data":"submit=1 pasteOnly=0","hypothesisId":"H2"}
{"sessionId":"7e3dd7","location":"Utils.ahk:CloseKeysOverlay","message":"entry","timestamp":14248859,"data":"keysCount=3","hypothesisId":"H2"}
{"sessionId":"7e3dd7","location":"Utils.ahk:GeminiDelayedSubmitFlow","message":"entry","timestamp":14249187,"hypothesisId":"H3"}
{"sessionId":"7e3dd7","location":"Utils.ahk:HotstringGeminiBanner_Show","message":"entry","timestamp":14249187,"data":"text=? Submitting in 4s... [Y] Submit now  [N","hypothesisId":"H3"}
{"sessionId":"7e3dd7","location":"Utils.ahk:CloseKeysOverlay","message":"entry","timestamp":14249187,"data":"keysCount=0","hypothesisId":"H2"}
{"sessionId":"7e3dd7","location":"Utils.ahk:GeminiDelayedSubmitFlow","message":"entry","timestamp":14249234,"hypothesisId":"H3"}
{"sessionId":"7e3dd7","location":"Utils.ahk:HotstringGeminiBanner_Show","message":"entry","timestamp":14249234,"data":"text=? Submitting in 4s... [Y] Submit now  [N","hypothesisId":"H3"}
{"sessionId":"7e3dd7","location":"Utils.ahk:CloseKeysOverlay","message":"entry","timestamp":14249234,"data":"keysCount=0","hypothesisId":"H2"}
{"sessionId":"7e3dd7","location":"Utils.ahk:CloseKeysOverlay","message":"entry","timestamp":14249250,"data":"keysCount=0","hypothesisId":"H2"}
{"sessionId":"7e3dd7","location":"Utils.ahk:StandardLoadingBar_Hide","message":"entry","timestamp":14249250,"data":"delay=0 isKeys=0","hypothesisId":"H2"}
{"sessionId":"7e3dd7","location":"Utils.ahk:CloseKeysOverlay","message":"entry","timestamp":14249281,"data":"keysCount=0","hypothesisId":"H2"}
{"sessionId":"7e3dd7","location":"Utils.ahk:CloseKeysOverlay","message":"entry","timestamp":14249296,"data":"keysCount=0","hypothesisId":"H2"}
{"sessionId":"7e3dd7","location":"Utils.ahk:StandardLoadingBar_Hide","message":"entry","timestamp":14249296,"data":"delay=0 isKeys=0","hypothesisId":"H2"}
{"sessionId":"7e3dd7","location":"Utils.ahk:CloseKeysOverlay","message":"entry","timestamp":14249328,"data":"keysCount=0","hypothesisId":"H2"}
{"sessionId":"7e3dd7","location":"Utils.ahk:GeminiFinalizeSubmit","message":"entry","timestamp":14252281,"data":"autoSubmit=1","hypothesisId":"H5"}
{"sessionId":"7e3dd7","location":"Utils.ahk:StandardLoadingBar_Hide","message":"entry","timestamp":14252281,"data":"delay=0 isKeys=0","hypothesisId":"H2"}
{"sessionId":"7e3dd7","location":"Utils.ahk:GeminiFinalizeSubmit","message":"entry","timestamp":14252328,"data":"autoSubmit=1","hypothesisId":"H5"}
{"sessionId":"7e3dd7","location":"Utils.ahk:StandardLoadingBar_Hide","message":"entry","timestamp":14252343,"data":"delay=0 isKeys=0","hypothesisId":"H2"}
{"sessionId":"7e3dd7","location":"Utils.ahk:KeysTimeoutFired","message":"entry","timestamp":14269687,"data":"isKeysOverlay=0","hypothesisId":"H2"}
{"sessionId":"7e3dd7","location":"Utils.ahk:KeysTimeoutFired","message":"skipped callback","timestamp":14269687,"data":"isKeys=0","hypothesisId":"H2"}
{"sessionId":"7e3dd7","location":"Utils.ahk:CloseKeysOverlay","message":"entry","timestamp":14269687,"data":"keysCount=0","hypothesisId":"H2"}
{"sessionId":"7e3dd7","location":"Utils.ahk:CloseKeysOverlay","message":"entry","timestamp":14399781,"data":"keysCount=0","hypothesisId":"H2"}
{"sessionId":"7e3dd7","location":"Utils.ahk:StandardLoadingBar_Hide","message":"entry","timestamp":14399781,"data":"delay=0 isKeys=0","hypothesisId":"H2"}
{"sessionId":"7e3dd7","location":"Utils.ahk:StandardLoadingBar_Hide","message":"entry","timestamp":14399828,"data":"delay=2000 isKeys=0","hypothesisId":"H2"}
{"sessionId":"7e3dd7","location":"Utils.ahk:StandardLoadingBar_Hide","message":"entry","timestamp":14401828,"data":"delay=0 isKeys=0","hypothesisId":"H2"}
{"sessionId":"7e3dd7","location":"Utils.ahk:CloseKeysOverlay","message":"entry","timestamp":14510859,"data":"keysCount=0","hypothesisId":"H2"}
{"sessionId":"7e3dd7","location":"Utils.ahk:StandardLoadingBar_Hide","message":"entry","timestamp":14510859,"data":"delay=0 isKeys=0","hypothesisId":"H2"}
{"sessionId":"7e3dd7","location":"Utils.ahk:StandardLoadingBar_Hide","message":"entry","timestamp":14510890,"data":"delay=3500 isKeys=0","hypothesisId":"H2"}
{"sessionId":"7e3dd7","location":"Utils.ahk:StandardLoadingBar_Hide","message":"entry","timestamp":14514390,"data":"delay=0 isKeys=0","hypothesisId":"H2"}
{"sessionId":"7e3dd7","location":"Utils.ahk:ShowAndWait","message":"6s banner showing","timestamp":14519687,"hypothesisId":"H1"}
{"sessionId":"7e3dd7","location":"Utils.ahk:CloseKeysOverlay","message":"entry","timestamp":14519687,"data":"keysCount=0","hypothesisId":"H2"}
{"sessionId":"7e3dd7","location":"Utils.ahk:StandardLoadingBar_Hide","message":"entry","timestamp":14519687,"data":"delay=0 isKeys=0","hypothesisId":"H2"}
{"sessionId":"7e3dd7","location":"Utils.ahk:CloseKeysOverlay","message":"entry","timestamp":14519703,"data":"keysCount=0","hypothesisId":"H2"}
{"sessionId":"7e3dd7","location":"Utils.ahk:StandardLoadingBar_Hide","message":"entry","timestamp":14519718,"data":"delay=0 isKeys=0","hypothesisId":"H2"}
{"sessionId":"7e3dd7","location":"Utils.ahk:CloseKeysOverlay","message":"entry","timestamp":14519734,"data":"keysCount=0","hypothesisId":"H2"}
{"sessionId":"7e3dd7","location":"Utils.ahk:StandardLoadingBar_Hide","message":"entry","timestamp":14519734,"data":"delay=0 isKeys=0","hypothesisId":"H2"}
{"sessionId":"7e3dd7","location":"Utils.ahk:CloseKeysOverlay","message":"entry","timestamp":14519750,"data":"keysCount=0","hypothesisId":"H2"}
{"sessionId":"7e3dd7","location":"Utils.ahk:StandardLoadingBar_Hide","message":"entry","timestamp":14519765,"data":"delay=0 isKeys=0","hypothesisId":"H2"}
{"sessionId":"7e3dd7","location":"Utils.ahk:CloseKeysOverlay","message":"entry","timestamp":14519781,"data":"keysCount=0","hypothesisId":"H2"}
{"sessionId":"7e3dd7","location":"Utils.ahk:StandardLoadingBar_Hide","message":"entry","timestamp":14519781,"data":"delay=0 isKeys=0","hypothesisId":"H2"}
{"sessionId":"7e3dd7","location":"Utils.ahk:CloseKeysOverlay","message":"entry","timestamp":14519796,"data":"keysCount=0","hypothesisId":"H2"}
{"sessionId":"7e3dd7","location":"Utils.ahk:StandardLoadingBar_Hide","message":"entry","timestamp":14519796,"data":"delay=0 isKeys=0","hypothesisId":"H2"}
{"sessionId":"7e3dd7","location":"Utils.ahk:CloseKeysOverlay","message":"entry","timestamp":14519812,"data":"keysCount=0","hypothesisId":"H2"}
{"sessionId":"7e3dd7","location":"Utils.ahk:StandardLoadingBar_Hide","message":"entry","timestamp":14519812,"data":"delay=0 isKeys=0","hypothesisId":"H2"}
{"sessionId":"7e3dd7","location":"Utils.ahk:StandardLoadingBar_Hide","message":"entry","timestamp":14522453,"data":"delay=0 isKeys=0","hypothesisId":"H2"}
{"sessionId":"7e3dd7","location":"Utils.ahk:OnCancel","message":"N pressed","timestamp":14524421,"hypothesisId":"H1"}
{"sessionId":"7e3dd7","location":"Utils.ahk:CleanupAndMaybeSubmit","message":"entry","timestamp":14524421,"data":"submit=0 pasteOnly=0","hypothesisId":"H2"}
{"sessionId":"7e3dd7","location":"Utils.ahk:CloseKeysOverlay","message":"entry","timestamp":14524421,"data":"keysCount=3","hypothesisId":"H2"}
{"sessionId":"7e3dd7","location":"Utils.ahk:CloseKeysOverlay","message":"entry","timestamp":14524437,"data":"keysCount=0","hypothesisId":"H2"}
{"sessionId":"7e3dd7","location":"Utils.ahk:StandardLoadingBar_Hide","message":"entry","timestamp":14524437,"data":"delay=0 isKeys=0","hypothesisId":"H2"}
{"sessionId":"7e3dd7","location":"Utils.ahk:StandardLoadingBar_Hide","message":"entry","timestamp":14524468,"data":"delay=1500 isKeys=0","hypothesisId":"H2"}
{"sessionId":"7e3dd7","location":"Utils.ahk:CloseKeysOverlay","message":"entry","timestamp":14524468,"data":"keysCount=0","hypothesisId":"H2"}
{"sessionId":"7e3dd7","location":"Utils.ahk:KeysTimeoutFired","message":"entry","timestamp":14525765,"data":"isKeysOverlay=1","hypothesisId":"H2"}
{"sessionId":"7e3dd7","location":"Utils.ahk:KeysTimeoutFired","message":"calling timeout callback","timestamp":14525765,"hypothesisId":"H2"}
{"sessionId":"7e3dd7","location":"Utils.ahk:OnTimeout","message":"6s timeout fired","timestamp":14525781,"hypothesisId":"H4"}
{"sessionId":"7e3dd7","location":"Utils.ahk:CleanupAndMaybeSubmit","message":"entry","timestamp":14525781,"data":"submit=1 pasteOnly=0","hypothesisId":"H2"}
{"sessionId":"7e3dd7","location":"Utils.ahk:CloseKeysOverlay","message":"entry","timestamp":14525796,"data":"keysCount=3","hypothesisId":"H2"}
{"sessionId":"7e3dd7","location":"Utils.ahk:KeysTimeoutFired","message":"entry","timestamp":14525812,"data":"isKeysOverlay=0","hypothesisId":"H2"}
{"sessionId":"7e3dd7","location":"Utils.ahk:KeysTimeoutFired","message":"skipped callback","timestamp":14525812,"data":"isKeys=0","hypothesisId":"H2"}
{"sessionId":"7e3dd7","location":"Utils.ahk:CloseKeysOverlay","message":"entry","timestamp":14525812,"data":"keysCount=0","hypothesisId":"H2"}
{"sessionId":"7e3dd7","location":"Utils.ahk:KeysTimeoutFired","message":"entry","timestamp":14525828,"data":"isKeysOverlay=0","hypothesisId":"H2"}
{"sessionId":"7e3dd7","location":"Utils.ahk:KeysTimeoutFired","message":"skipped callback","timestamp":14525828,"data":"isKeys=0","hypothesisId":"H2"}
{"sessionId":"7e3dd7","location":"Utils.ahk:CloseKeysOverlay","message":"entry","timestamp":14525843,"data":"keysCount=0","hypothesisId":"H2"}
{"sessionId":"7e3dd7","location":"Utils.ahk:KeysTimeoutFired","message":"entry","timestamp":14525843,"data":"isKeysOverlay=1","hypothesisId":"H2"}
{"sessionId":"7e3dd7","location":"Utils.ahk:KeysTimeoutFired","message":"calling timeout callback","timestamp":14525843,"hypothesisId":"H2"}
{"sessionId":"7e3dd7","location":"Utils.ahk:OnTimeout","message":"6s timeout fired","timestamp":14525859,"hypothesisId":"H4"}
{"sessionId":"7e3dd7","location":"Utils.ahk:CleanupAndMaybeSubmit","message":"entry","timestamp":14525859,"data":"submit=1 pasteOnly=0","hypothesisId":"H2"}
{"sessionId":"7e3dd7","location":"Utils.ahk:CloseKeysOverlay","message":"entry","timestamp":14525859,"data":"keysCount=3","hypothesisId":"H2"}
{"sessionId":"7e3dd7","location":"Utils.ahk:KeysTimeoutFired","message":"entry","timestamp":14525890,"data":"isKeysOverlay=1","hypothesisId":"H2"}
{"sessionId":"7e3dd7","location":"Utils.ahk:KeysTimeoutFired","message":"calling timeout callback","timestamp":14525890,"hypothesisId":"H2"}
{"sessionId":"7e3dd7","location":"Utils.ahk:OnTimeout","message":"6s timeout fired","timestamp":14525906,"hypothesisId":"H4"}
{"sessionId":"7e3dd7","location":"Utils.ahk:CleanupAndMaybeSubmit","message":"entry","timestamp":14525906,"data":"submit=1 pasteOnly=0","hypothesisId":"H2"}
{"sessionId":"7e3dd7","location":"Utils.ahk:CloseKeysOverlay","message":"entry","timestamp":14525921,"data":"keysCount=3","hypothesisId":"H2"}
{"sessionId":"7e3dd7","location":"Utils.ahk:StandardLoadingBar_Hide","message":"entry","timestamp":14525968,"data":"delay=0 isKeys=0","hypothesisId":"H2"}
{"sessionId":"7e3dd7","location":"Utils.ahk:GeminiDelayedSubmitFlow","message":"entry","timestamp":14526156,"hypothesisId":"H3"}
{"sessionId":"7e3dd7","location":"Utils.ahk:HotstringGeminiBanner_Show","message":"entry","timestamp":14526156,"data":"text=? Submitting in 4s... [Y] Submit now  [N","hypothesisId":"H3"}
{"sessionId":"7e3dd7","location":"Utils.ahk:CloseKeysOverlay","message":"entry","timestamp":14526171,"data":"keysCount=0","hypothesisId":"H2"}
{"sessionId":"7e3dd7","location":"Utils.ahk:GeminiDelayedSubmitFlow","message":"entry","timestamp":14526218,"hypothesisId":"H3"}
{"sessionId":"7e3dd7","location":"Utils.ahk:HotstringGeminiBanner_Show","message":"entry","timestamp":14526218,"data":"text=? Submitting in 4s... [Y] Submit now  [N","hypothesisId":"H3"}
{"sessionId":"7e3dd7","location":"Utils.ahk:CloseKeysOverlay","message":"entry","timestamp":14526218,"data":"keysCount=0","hypothesisId":"H2"}
{"sessionId":"7e3dd7","location":"Utils.ahk:CloseKeysOverlay","message":"entry","timestamp":14526234,"data":"keysCount=0","hypothesisId":"H2"}
{"sessionId":"7e3dd7","location":"Utils.ahk:StandardLoadingBar_Hide","message":"entry","timestamp":14526234,"data":"delay=0 isKeys=0","hypothesisId":"H2"}
{"sessionId":"7e3dd7","location":"Utils.ahk:GeminiDelayedSubmitFlow","message":"entry","timestamp":14526250,"hypothesisId":"H3"}
{"sessionId":"7e3dd7","location":"Utils.ahk:HotstringGeminiBanner_Show","message":"entry","timestamp":14526250,"data":"text=? Submitting in 4s... [Y] Submit now  [N","hypothesisId":"H3"}
{"sessionId":"7e3dd7","location":"Utils.ahk:CloseKeysOverlay","message":"entry","timestamp":14526265,"data":"keysCount=0","hypothesisId":"H2"}
{"sessionId":"7e3dd7","location":"Utils.ahk:CloseKeysOverlay","message":"entry","timestamp":14526265,"data":"keysCount=0","hypothesisId":"H2"}
{"sessionId":"7e3dd7","location":"Utils.ahk:GeminiDelayedSubmitFlow","message":"entry","timestamp":14526281,"hypothesisId":"H3"}
{"sessionId":"7e3dd7","location":"Utils.ahk:HotstringGeminiBanner_Show","message":"entry","timestamp":14526281,"data":"text=? Submitting in 4s... [Y] Submit now  [N","hypothesisId":"H3"}
{"sessionId":"7e3dd7","location":"Utils.ahk:CloseKeysOverlay","message":"entry","timestamp":14526296,"data":"keysCount=0","hypothesisId":"H2"}
{"sessionId":"7e3dd7","location":"Utils.ahk:CloseKeysOverlay","message":"entry","timestamp":14526312,"data":"keysCount=0","hypothesisId":"H2"}
{"sessionId":"7e3dd7","location":"Utils.ahk:CloseKeysOverlay","message":"entry","timestamp":14526312,"data":"keysCount=0","hypothesisId":"H2"}
{"sessionId":"7e3dd7","location":"Utils.ahk:StandardLoadingBar_Hide","message":"entry","timestamp":14526312,"data":"delay=0 isKeys=0","hypothesisId":"H2"}
{"sessionId":"7e3dd7","location":"Utils.ahk:CloseKeysOverlay","message":"entry","timestamp":14526328,"data":"keysCount=0","hypothesisId":"H2"}
{"sessionId":"7e3dd7","location":"Utils.ahk:CloseKeysOverlay","message":"entry","timestamp":14526359,"data":"keysCount=0","hypothesisId":"H2"}
{"sessionId":"7e3dd7","location":"Utils.ahk:StandardLoadingBar_Hide","message":"entry","timestamp":14526359,"data":"delay=0 isKeys=0","hypothesisId":"H2"}
{"sessionId":"7e3dd7","location":"Utils.ahk:CloseKeysOverlay","message":"entry","timestamp":14526375,"data":"keysCount=0","hypothesisId":"H2"}
{"sessionId":"7e3dd7","location":"Utils.ahk:GeminiFinalizeSubmit","message":"entry","timestamp":14529265,"data":"autoSubmit=1","hypothesisId":"H5"}
{"sessionId":"7e3dd7","location":"Utils.ahk:StandardLoadingBar_Hide","message":"entry","timestamp":14529265,"data":"delay=0 isKeys=0","hypothesisId":"H2"}
{"sessionId":"7e3dd7","location":"Utils.ahk:GeminiFinalizeSubmit","message":"entry","timestamp":14529312,"data":"autoSubmit=1","hypothesisId":"H5"}
{"sessionId":"7e3dd7","location":"Utils.ahk:StandardLoadingBar_Hide","message":"entry","timestamp":14529312,"data":"delay=0 isKeys=0","hypothesisId":"H2"}
{"sessionId":"7e3dd7","location":"Utils.ahk:GeminiFinalizeSubmit","message":"entry","timestamp":14529375,"data":"autoSubmit=1","hypothesisId":"H5"}
{"sessionId":"7e3dd7","location":"Utils.ahk:StandardLoadingBar_Hide","message":"entry","timestamp":14529375,"data":"delay=0 isKeys=0","hypothesisId":"H2"}
{"sessionId":"7e3dd7","location":"Utils.ahk:ShowAndWait","message":"6s banner showing","timestamp":14578937,"hypothesisId":"H1"}
{"sessionId":"7e3dd7","location":"Utils.ahk:CloseKeysOverlay","message":"entry","timestamp":14578937,"data":"keysCount=0","hypothesisId":"H2"}
{"sessionId":"7e3dd7","location":"Utils.ahk:StandardLoadingBar_Hide","message":"entry","timestamp":14578953,"data":"delay=0 isKeys=0","hypothesisId":"H2"}
{"sessionId":"7e3dd7","location":"Utils.ahk:CloseKeysOverlay","message":"entry","timestamp":14578968,"data":"keysCount=0","hypothesisId":"H2"}
{"sessionId":"7e3dd7","location":"Utils.ahk:StandardLoadingBar_Hide","message":"entry","timestamp":14578968,"data":"delay=0 isKeys=0","hypothesisId":"H2"}
{"sessionId":"7e3dd7","location":"Utils.ahk:ShowAndWait","message":"6s banner showing","timestamp":14579000,"hypothesisId":"H1"}
{"sessionId":"7e3dd7","location":"Utils.ahk:CloseKeysOverlay","message":"entry","timestamp":14579000,"data":"keysCount=0","hypothesisId":"H2"}
{"sessionId":"7e3dd7","location":"Utils.ahk:StandardLoadingBar_Hide","message":"entry","timestamp":14579015,"data":"delay=0 isKeys=0","hypothesisId":"H2"}
{"sessionId":"7e3dd7","location":"Utils.ahk:CloseKeysOverlay","message":"entry","timestamp":14579031,"data":"keysCount=0","hypothesisId":"H2"}
{"sessionId":"7e3dd7","location":"Utils.ahk:StandardLoadingBar_Hide","message":"entry","timestamp":14579031,"data":"delay=0 isKeys=0","hypothesisId":"H2"}
{"sessionId":"7e3dd7","location":"Utils.ahk:CloseKeysOverlay","message":"entry","timestamp":14579078,"data":"keysCount=0","hypothesisId":"H2"}
{"sessionId":"7e3dd7","location":"Utils.ahk:StandardLoadingBar_Hide","message":"entry","timestamp":14579078,"data":"delay=0 isKeys=0","hypothesisId":"H2"}
{"sessionId":"7e3dd7","location":"Utils.ahk:OnCancel","message":"N pressed","timestamp":14579781,"hypothesisId":"H1"}
{"sessionId":"7e3dd7","location":"Utils.ahk:CleanupAndMaybeSubmit","message":"entry","timestamp":14579781,"data":"submit=0 pasteOnly=0","hypothesisId":"H2"}
{"sessionId":"7e3dd7","location":"Utils.ahk:CloseKeysOverlay","message":"entry","timestamp":14579781,"data":"keysCount=3","hypothesisId":"H2"}
{"sessionId":"7e3dd7","location":"Utils.ahk:CloseKeysOverlay","message":"entry","timestamp":14579828,"data":"keysCount=0","hypothesisId":"H2"}
{"sessionId":"7e3dd7","location":"Utils.ahk:StandardLoadingBar_Hide","message":"entry","timestamp":14579828,"data":"delay=0 isKeys=0","hypothesisId":"H2"}
{"sessionId":"7e3dd7","location":"Utils.ahk:StandardLoadingBar_Hide","message":"entry","timestamp":14579859,"data":"delay=1500 isKeys=0","hypothesisId":"H2"}
{"sessionId":"7e3dd7","location":"Utils.ahk:CloseKeysOverlay","message":"entry","timestamp":14579875,"data":"keysCount=0","hypothesisId":"H2"}
{"sessionId":"7e3dd7","location":"Utils.ahk:StandardLoadingBar_Hide","message":"entry","timestamp":14581359,"data":"delay=0 isKeys=0","hypothesisId":"H2"}
{"sessionId":"7e3dd7","location":"Utils.ahk:KeysTimeoutFired","message":"entry","timestamp":14585062,"data":"isKeysOverlay=1","hypothesisId":"H2"}
{"sessionId":"7e3dd7","location":"Utils.ahk:KeysTimeoutFired","message":"calling timeout callback","timestamp":14585062,"hypothesisId":"H2"}
{"sessionId":"7e3dd7","location":"Utils.ahk:OnTimeout","message":"6s timeout fired","timestamp":14585078,"hypothesisId":"H4"}
{"sessionId":"7e3dd7","location":"Utils.ahk:CleanupAndMaybeSubmit","message":"entry","timestamp":14585078,"data":"submit=1 pasteOnly=0","hypothesisId":"H2"}
{"sessionId":"7e3dd7","location":"Utils.ahk:CloseKeysOverlay","message":"entry","timestamp":14585093,"data":"keysCount=3","hypothesisId":"H2"}
{"sessionId":"7e3dd7","location":"Utils.ahk:KeysTimeoutFired","message":"entry","timestamp":14585109,"data":"isKeysOverlay=1","hypothesisId":"H2"}
{"sessionId":"7e3dd7","location":"Utils.ahk:KeysTimeoutFired","message":"calling timeout callback","timestamp":14585109,"hypothesisId":"H2"}
{"sessionId":"7e3dd7","location":"Utils.ahk:OnTimeout","message":"6s timeout fired","timestamp":14585125,"hypothesisId":"H4"}
{"sessionId":"7e3dd7","location":"Utils.ahk:CloseKeysOverlay","message":"entry","timestamp":14585140,"data":"keysCount=3","hypothesisId":"H2"}
{"sessionId":"7e3dd7","location":"Utils.ahk:CloseKeysOverlay","message":"entry","timestamp":14585156,"data":"keysCount=3","hypothesisId":"H2"}
{"sessionId":"7e3dd7","location":"Utils.ahk:GeminiDelayedSubmitFlow","message":"entry","timestamp":14585453,"hypothesisId":"H3"}
{"sessionId":"7e3dd7","location":"Utils.ahk:HotstringGeminiBanner_Show","message":"entry","timestamp":14585453,"data":"text=? Submitting in 4s... [Y] Submit now  [N","hypothesisId":"H3"}
{"sessionId":"7e3dd7","location":"Utils.ahk:CloseKeysOverlay","message":"entry","timestamp":14585453,"data":"keysCount=0","hypothesisId":"H2"}
{"sessionId":"7e3dd7","location":"Utils.ahk:CloseKeysOverlay","message":"entry","timestamp":14585468,"data":"keysCount=0","hypothesisId":"H2"}
{"sessionId":"7e3dd7","location":"Utils.ahk:GeminiDelayedSubmitFlow","message":"entry","timestamp":14585515,"hypothesisId":"H3"}
{"sessionId":"7e3dd7","location":"Utils.ahk:CloseKeysOverlay","message":"entry","timestamp":14585515,"data":"keysCount=0","hypothesisId":"H2"}
{"sessionId":"7e3dd7","location":"Utils.ahk:StandardLoadingBar_Hide","message":"entry","timestamp":14585531,"data":"delay=0 isKeys=0","hypothesisId":"H2"}
{"sessionId":"7e3dd7","location":"Utils.ahk:CloseKeysOverlay","message":"entry","timestamp":14585562,"data":"keysCount=0","hypothesisId":"H2"}
{"sessionId":"7e3dd7","location":"Utils.ahk:StandardLoadingBar_Hide","message":"entry","timestamp":14585562,"data":"delay=0 isKeys=0","hypothesisId":"H2"}
{"sessionId":"7e3dd7","location":"Utils.ahk:CloseKeysOverlay","message":"entry","timestamp":14585609,"data":"keysCount=0","hypothesisId":"H2"}
{"sessionId":"7e3dd7","location":"Utils.ahk:CloseKeysOverlay","message":"entry","timestamp":14585640,"data":"keysCount=0","hypothesisId":"H2"}
{"sessionId":"7e3dd7","location":"Utils.ahk:CloseKeysOverlay","message":"entry","timestamp":14585656,"data":"keysCount=0","hypothesisId":"H2"}
{"sessionId":"7e3dd7","location":"Utils.ahk:CloseKeysOverlay","message":"entry","timestamp":14585656,"data":"keysCount=0","hypothesisId":"H2"}
{"sessionId":"7e3dd7","location":"Utils.ahk:GeminiFinalizeSubmit","message":"entry","timestamp":14588609,"data":"autoSubmit=1","hypothesisId":"H5"}
{"sessionId":"7e3dd7","location":"Utils.ahk:StandardLoadingBar_Hide","message":"entry","timestamp":14588609,"data":"delay=0 isKeys=0","hypothesisId":"H2"}
{"sessionId":"7e3dd7","location":"Utils.ahk:GeminiFinalizeSubmit","message":"entry","timestamp":14588640,"data":"autoSubmit=1","hypothesisId":"H5"}
{"sessionId":"7e3dd7","location":"Utils.ahk:StandardLoadingBar_Hide","message":"entry","timestamp":14588640,"data":"delay=0 isKeys=0","hypothesisId":"H2"}
{"sessionId":"7e3dd7","location":"Utils.ahk:GeminiFinalizeSubmit","message":"entry","timestamp":14588656,"data":"autoSubmit=1","hypothesisId":"H5"}
{"sessionId":"7e3dd7","location":"Utils.ahk:StandardLoadingBar_Hide","message":"entry","timestamp":14588656,"data":"delay=0 isKeys=0","hypothesisId":"H2"}
{"sessionId":"7e3dd7","location":"Utils.ahk:CloseKeysOverlay","message":"entry","timestamp":15117781,"data":"keysCount=0","hypothesisId":"H2"}
{"sessionId":"7e3dd7","location":"Utils.ahk:StandardLoadingBar_Hide","message":"entry","timestamp":15117781,"data":"delay=0 isKeys=0","hypothesisId":"H2"}
{"sessionId":"7e3dd7","location":"Utils.ahk:StandardLoadingBar_Hide","message":"entry","timestamp":15117859,"data":"delay=3500 isKeys=0","hypothesisId":"H2"}
{"sessionId":"7e3dd7","location":"Utils.ahk:StandardLoadingBar_Hide","message":"entry","timestamp":15121359,"data":"delay=0 isKeys=0","hypothesisId":"H2"}
{"sessionId":"7e3dd7","location":"Utils.ahk:CloseKeysOverlay","message":"entry","timestamp":15298046,"data":"keysCount=0","hypothesisId":"H2"}
{"sessionId":"7e3dd7","location":"Utils.ahk:StandardLoadingBar_Hide","message":"entry","timestamp":15298046,"data":"delay=0 isKeys=0","hypothesisId":"H2"}
{"sessionId":"7e3dd7","location":"Utils.ahk:StandardLoadingBar_Hide","message":"entry","timestamp":15298078,"data":"delay=700 isKeys=0","hypothesisId":"H2"}
{"sessionId":"7e3dd7","location":"Utils.ahk:StandardLoadingBar_Hide","message":"entry","timestamp":15298781,"data":"delay=0 isKeys=0","hypothesisId":"H2"}
{"sessionId":"7e3dd7","location":"Utils.ahk:ShowAndWait","message":"6s banner showing","timestamp":15306968,"hypothesisId":"H1"}
{"sessionId":"7e3dd7","location":"Utils.ahk:CloseKeysOverlay","message":"entry","timestamp":15306968,"data":"keysCount=0","hypothesisId":"H2"}
{"sessionId":"7e3dd7","location":"Utils.ahk:StandardLoadingBar_Hide","message":"entry","timestamp":15306968,"data":"delay=0 isKeys=0","hypothesisId":"H2"}
{"sessionId":"7e3dd7","location":"Utils.ahk:CloseKeysOverlay","message":"entry","timestamp":15306984,"data":"keysCount=0","hypothesisId":"H2"}
{"sessionId":"7e3dd7","location":"Utils.ahk:StandardLoadingBar_Hide","message":"entry","timestamp":15307000,"data":"delay=0 isKeys=0","hypothesisId":"H2"}
{"sessionId":"7e3dd7","location":"Utils.ahk:ShowAndWait","message":"6s banner showing","timestamp":15307000,"hypothesisId":"H1"}
{"sessionId":"7e3dd7","location":"Utils.ahk:CloseKeysOverlay","message":"entry","timestamp":15307015,"data":"keysCount=0","hypothesisId":"H2"}
{"sessionId":"7e3dd7","location":"Utils.ahk:StandardLoadingBar_Hide","message":"entry","timestamp":15307015,"data":"delay=0 isKeys=0","hypothesisId":"H2"}
{"sessionId":"7e3dd7","location":"Utils.ahk:CloseKeysOverlay","message":"entry","timestamp":15307031,"data":"keysCount=0","hypothesisId":"H2"}
{"sessionId":"7e3dd7","location":"Utils.ahk:StandardLoadingBar_Hide","message":"entry","timestamp":15307046,"data":"delay=0 isKeys=0","hypothesisId":"H2"}
{"sessionId":"7e3dd7","location":"Utils.ahk:CloseKeysOverlay","message":"entry","timestamp":15307062,"data":"keysCount=0","hypothesisId":"H2"}
{"sessionId":"7e3dd7","location":"Utils.ahk:StandardLoadingBar_Hide","message":"entry","timestamp":15307062,"data":"delay=0 isKeys=0","hypothesisId":"H2"}
{"sessionId":"7e3dd7","location":"Utils.ahk:CloseKeysOverlay","message":"entry","timestamp":15307078,"data":"keysCount=0","hypothesisId":"H2"}
{"sessionId":"7e3dd7","location":"Utils.ahk:StandardLoadingBar_Hide","message":"entry","timestamp":15307078,"data":"delay=0 isKeys=0","hypothesisId":"H2"}
{"sessionId":"7e3dd7","location":"Utils.ahk:CloseKeysOverlay","message":"entry","timestamp":15307093,"data":"keysCount=0","hypothesisId":"H2"}
{"sessionId":"7e3dd7","location":"Utils.ahk:StandardLoadingBar_Hide","message":"entry","timestamp":15307093,"data":"delay=0 isKeys=0","hypothesisId":"H2"}
{"sessionId":"7e3dd7","location":"Utils.ahk:CloseKeysOverlay","message":"entry","timestamp":15307140,"data":"keysCount=0","hypothesisId":"H2"}
{"sessionId":"7e3dd7","location":"Utils.ahk:StandardLoadingBar_Hide","message":"entry","timestamp":15307140,"data":"delay=0 isKeys=0","hypothesisId":"H2"}
{"sessionId":"7e3dd7","location":"Utils.ahk:KeysTimeoutFired","message":"entry","timestamp":15313125,"data":"isKeysOverlay=1","hypothesisId":"H2"}
{"sessionId":"7e3dd7","location":"Utils.ahk:KeysTimeoutFired","message":"calling timeout callback","timestamp":15313125,"hypothesisId":"H2"}
{"sessionId":"7e3dd7","location":"Utils.ahk:OnTimeout","message":"6s timeout fired","timestamp":15313140,"hypothesisId":"H4"}
{"sessionId":"7e3dd7","location":"Utils.ahk:CleanupAndMaybeSubmit","message":"entry","timestamp":15313156,"data":"submit=1 pasteOnly=0","hypothesisId":"H2"}
{"sessionId":"7e3dd7","location":"Utils.ahk:CloseKeysOverlay","message":"entry","timestamp":15313171,"data":"keysCount=3","hypothesisId":"H2"}
{"sessionId":"7e3dd7","location":"Utils.ahk:CloseKeysOverlay","message":"entry","timestamp":15313171,"data":"keysCount=3","hypothesisId":"H2"}
{"sessionId":"7e3dd7","location":"Utils.ahk:CleanupAndMaybeSubmit","message":"running delayedSubmit flow","timestamp":15313187,"hypothesisId":"H2"}
{"sessionId":"7e3dd7","location":"Utils.ahk:GeminiDelayedSubmitFlow","message":"entry","timestamp":15313484,"hypothesisId":"H3"}
{"sessionId":"7e3dd7","location":"Utils.ahk:GeminiFinalizeSubmit","message":"entry","timestamp":15313484,"data":"autoSubmit=1","hypothesisId":"H5"}
{"sessionId":"7e3dd7","location":"Utils.ahk:StandardLoadingBar_Hide","message":"entry","timestamp":15313484,"data":"delay=0 isKeys=0","hypothesisId":"H2"}
{"sessionId":"7e3dd7","location":"Utils.ahk:GeminiDelayedSubmitFlow","message":"entry","timestamp":15313515,"hypothesisId":"H3"}
{"sessionId":"7e3dd7","location":"Utils.ahk:GeminiFinalizeSubmit","message":"entry","timestamp":15313515,"data":"autoSubmit=1","hypothesisId":"H5"}
{"sessionId":"7e3dd7","location":"Utils.ahk:StandardLoadingBar_Hide","message":"entry","timestamp":15313515,"data":"delay=0 isKeys=0","hypothesisId":"H2"}
{"sessionId":"7e3dd7","location":"Utils.ahk:GeminiDelayedSubmitFlow","message":"entry","timestamp":15313531,"hypothesisId":"H3"}
{"sessionId":"7e3dd7","location":"Utils.ahk:GeminiFinalizeSubmit","message":"entry","timestamp":15313531,"data":"autoSubmit=1","hypothesisId":"H5"}
{"sessionId":"7e3dd7","location":"Utils.ahk:StandardLoadingBar_Hide","message":"entry","timestamp":15313531,"data":"delay=0 isKeys=0","hypothesisId":"H2"}
{"sessionId":"7e3dd7","location":"Utils.ahk:CloseKeysOverlay","message":"entry","timestamp":15317234,"data":"keysCount=0","hypothesisId":"H2"}
{"sessionId":"7e3dd7","location":"Utils.ahk:CloseKeysOverlay","message":"entry","timestamp":15317406,"data":"keysCount=0","hypothesisId":"H2"}
{"sessionId":"7e3dd7","location":"Utils.ahk:CloseKeysOverlay","message":"entry","timestamp":15317421,"data":"keysCount=0","hypothesisId":"H2"}
{"sessionId":"7e3dd7","location":"Utils.ahk:CloseKeysOverlay","message":"entry","timestamp":15318796,"data":"keysCount=0","hypothesisId":"H2"}
{"sessionId":"7e3dd7","location":"Utils.ahk:CloseKeysOverlay","message":"entry","timestamp":15318984,"data":"keysCount=0","hypothesisId":"H2"}
{"sessionId":"7e3dd7","location":"Utils.ahk:CloseKeysOverlay","message":"entry","timestamp":15319265,"data":"keysCount=0","hypothesisId":"H2"}
{"sessionId":"7e3dd7","location":"Utils.ahk:CloseKeysOverlay","message":"entry","timestamp":15325593,"data":"keysCount=0","hypothesisId":"H2"}
{"sessionId":"7e3dd7","location":"Utils.ahk:StandardLoadingBar_Hide","message":"entry","timestamp":15325593,"data":"delay=0 isKeys=0","hypothesisId":"H2"}
{"sessionId":"7e3dd7","location":"Utils.ahk:CloseKeysOverlay","message":"entry","timestamp":15326796,"data":"keysCount=4","hypothesisId":"H2"}
{"sessionId":"7e3dd7","location":"Utils.ahk:StandardLoadingBar_Hide","message":"entry","timestamp":15326812,"data":"delay=0 isKeys=0","hypothesisId":"H2"}
{"sessionId":"7e3dd7","location":"Utils.ahk:CloseKeysOverlay","message":"entry","timestamp":15326828,"data":"keysCount=0","hypothesisId":"H2"}
{"sessionId":"7e3dd7","location":"Utils.ahk:CloseKeysOverlay","message":"entry","timestamp":15327390,"data":"keysCount=0","hypothesisId":"H2"}
{"sessionId":"7e3dd7","location":"Utils.ahk:StandardLoadingBar_Hide","message":"entry","timestamp":15327390,"data":"delay=0 isKeys=0","hypothesisId":"H2"}
{"sessionId":"7e3dd7","location":"Utils.ahk:CloseKeysOverlay","message":"entry","timestamp":15328468,"data":"keysCount=4","hypothesisId":"H2"}
{"sessionId":"7e3dd7","location":"Utils.ahk:StandardLoadingBar_Hide","message":"entry","timestamp":15328468,"data":"delay=0 isKeys=0","hypothesisId":"H2"}
{"sessionId":"7e3dd7","location":"Utils.ahk:CloseKeysOverlay","message":"entry","timestamp":15328484,"data":"keysCount=0","hypothesisId":"H2"}
{"sessionId":"7e3dd7","location":"Utils.ahk:CloseKeysOverlay","message":"entry","timestamp":15329453,"data":"keysCount=0","hypothesisId":"H2"}
{"sessionId":"7e3dd7","location":"Utils.ahk:StandardLoadingBar_Hide","message":"entry","timestamp":15329453,"data":"delay=0 isKeys=0","hypothesisId":"H2"}
{"sessionId":"7e3dd7","location":"Utils.ahk:CloseKeysOverlay","message":"entry","timestamp":15330359,"data":"keysCount=4","hypothesisId":"H2"}
{"sessionId":"7e3dd7","location":"Utils.ahk:StandardLoadingBar_Hide","message":"entry","timestamp":15330375,"data":"delay=0 isKeys=0","hypothesisId":"H2"}
{"sessionId":"7e3dd7","location":"Utils.ahk:CloseKeysOverlay","message":"entry","timestamp":15330375,"data":"keysCount=0","hypothesisId":"H2"}
{"sessionId":"7e3dd7","location":"Utils.ahk:KeysTimeoutFired","message":"entry","timestamp":15330750,"data":"isKeysOverlay=0","hypothesisId":"H2"}
{"sessionId":"7e3dd7","location":"Utils.ahk:KeysTimeoutFired","message":"skipped callback","timestamp":15330750,"data":"isKeys=0","hypothesisId":"H2"}
{"sessionId":"7e3dd7","location":"Utils.ahk:CloseKeysOverlay","message":"entry","timestamp":15330765,"data":"keysCount=0","hypothesisId":"H2"}
{"sessionId":"7e3dd7","location":"Utils.ahk:CloseKeysOverlay","message":"entry","timestamp":15331265,"data":"keysCount=0","hypothesisId":"H2"}
{"sessionId":"7e3dd7","location":"Utils.ahk:StandardLoadingBar_Hide","message":"entry","timestamp":15331265,"data":"delay=0 isKeys=0","hypothesisId":"H2"}
{"sessionId":"7e3dd7","location":"Utils.ahk:KeysTimeoutFired","message":"entry","timestamp":15332468,"data":"isKeysOverlay=1","hypothesisId":"H2"}
{"sessionId":"7e3dd7","location":"Utils.ahk:KeysTimeoutFired","message":"calling timeout callback","timestamp":15332468,"hypothesisId":"H2"}
{"sessionId":"7e3dd7","location":"Utils.ahk:KeysTimeoutFired","message":"entry","timestamp":15334515,"data":"isKeysOverlay=1","hypothesisId":"H2"}
{"sessionId":"7e3dd7","location":"Utils.ahk:KeysTimeoutFired","message":"calling timeout callback","timestamp":15334515,"hypothesisId":"H2"}
{"sessionId":"7e3dd7","location":"Utils.ahk:CloseKeysOverlay","message":"entry","timestamp":15338953,"data":"keysCount=3","hypothesisId":"H2"}
{"sessionId":"7e3dd7","location":"Utils.ahk:CloseKeysOverlay","message":"entry","timestamp":15339390,"data":"keysCount=0","hypothesisId":"H2"}
{"sessionId":"7e3dd7","location":"Utils.ahk:CloseKeysOverlay","message":"entry","timestamp":15340953,"data":"keysCount=0","hypothesisId":"H2"}
{"sessionId":"7e3dd7","location":"Utils.ahk:StandardLoadingBar_Hide","message":"entry","timestamp":15340953,"data":"delay=0 isKeys=0","hypothesisId":"H2"}
{"sessionId":"7e3dd7","location":"Utils.ahk:StandardLoadingBar_Hide","message":"entry","timestamp":15342734,"data":"delay=0 isKeys=0","hypothesisId":"H2"}
{"sessionId":"7e3dd7","location":"Utils.ahk:CloseKeysOverlay","message":"entry","timestamp":15344265,"data":"keysCount=0","hypothesisId":"H2"}
{"sessionId":"7e3dd7","location":"Utils.ahk:StandardLoadingBar_Hide","message":"entry","timestamp":15344265,"data":"delay=0 isKeys=0","hypothesisId":"H2"}
{"sessionId":"7e3dd7","location":"Utils.ahk:StandardLoadingBar_Hide","message":"entry","timestamp":15344281,"data":"delay=800 isKeys=0","hypothesisId":"H2"}
{"sessionId":"7e3dd7","location":"Utils.ahk:CloseKeysOverlay","message":"entry","timestamp":15344921,"data":"keysCount=0","hypothesisId":"H2"}
{"sessionId":"7e3dd7","location":"Utils.ahk:StandardLoadingBar_Hide","message":"entry","timestamp":15345093,"data":"delay=0 isKeys=0","hypothesisId":"H2"}
{"sessionId":"7e3dd7","location":"Utils.ahk:CloseKeysOverlay","message":"entry","timestamp":15346796,"data":"keysCount=1","hypothesisId":"H2"}
{"sessionId":"7e3dd7","location":"Utils.ahk:StandardLoadingBar_Hide","message":"entry","timestamp":15346796,"data":"delay=0 isKeys=0","hypothesisId":"H2"}
{"sessionId":"7e3dd7","location":"Utils.ahk:KeysTimeoutFired","message":"entry","timestamp":15350015,"data":"isKeysOverlay=1","hypothesisId":"H2"}
{"sessionId":"7e3dd7","location":"Utils.ahk:KeysTimeoutFired","message":"calling timeout callback","timestamp":15350015,"hypothesisId":"H2"}
{"sessionId":"7e3dd7","location":"Utils.ahk:CloseKeysOverlay","message":"entry","timestamp":15350046,"data":"keysCount=4","hypothesisId":"H2"}
{"sessionId":"7e3dd7","location":"Utils.ahk:KeysTimeoutFired","message":"entry","timestamp":15351859,"data":"isKeysOverlay=0","hypothesisId":"H2"}
{"sessionId":"7e3dd7","location":"Utils.ahk:KeysTimeoutFired","message":"skipped callback","timestamp":15351859,"data":"isKeys=0","hypothesisId":"H2"}
{"sessionId":"7e3dd7","location":"Utils.ahk:CloseKeysOverlay","message":"entry","timestamp":15351875,"data":"keysCount=0","hypothesisId":"H2"}
