{{"sessionId":"22dd27","runId":"focus-ai","hypothesisId":"H1","location":"WindowManagement.ahk","message":"FocusCursorAITextField.entry","data":{"targetHwndParam":330866},"timestamp":9571343}}
{{"sessionId":"22dd27","runId":"focus-ai","hypothesisId":"H7","location":"WindowManagement.ahk","message":"_WM_FindCursorComposerInput.edit-count","data":{"count":12},"timestamp":9571890}}
{{"sessionId":"22dd27","runId":"focus-ai","hypothesisId":"H7","location":"WindowManagement.ahk","message":"_WM_FindCursorComposerInput.match","data":{"className":"aislash-editor-input"},"timestamp":9571890}}
{{"sessionId":"22dd27","runId":"focus-ai","hypothesisId":"H5","location":"WindowManagement.ahk","message":"fallback-ui-find-composer-without-toggle","data":{"willSendCtrlI":0},"timestamp":9571890}}
{{"sessionId":"22dd27","runId":"focus-ai","hypothesisId":"H6","location":"WindowManagement.ahk","message":"FocusCursorAITextField.success","data":{"targetHwnd":330866,"paneWasOpen":0},"timestamp":9572000}}
{{"sessionId":"22dd27","runId":"focus-ai","hypothesisId":"H1","location":"WindowManagement.ahk","message":"FocusCursorAITextField.entry","data":{"targetHwndParam":330866},"timestamp":9575109}}
{{"sessionId":"22dd27","runId":"focus-ai","hypothesisId":"H7","location":"WindowManagement.ahk","message":"_WM_FindCursorComposerInput.edit-count","data":{"count":12},"timestamp":9575625}}
{{"sessionId":"22dd27","runId":"focus-ai","hypothesisId":"H7","location":"WindowManagement.ahk","message":"_WM_FindCursorComposerInput.match","data":{"className":"aislash-editor-input"},"timestamp":9575625}}
{{"sessionId":"22dd27","runId":"focus-ai","hypothesisId":"H5","location":"WindowManagement.ahk","message":"fallback-ui-find-composer-without-toggle","data":{"willSendCtrlI":0},"timestamp":9575640}}
{{"sessionId":"22dd27","runId":"focus-ai","hypothesisId":"H6","location":"WindowManagement.ahk","message":"FocusCursorAITextField.success","data":{"targetHwnd":330866,"paneWasOpen":0},"timestamp":9575734}}
{{"sessionId":"22dd27","runId":"focus-ai","hypothesisId":"H1","location":"WindowManagement.ahk","message":"FocusCursorAITextField.entry","data":{"targetHwndParam":330866},"timestamp":9579640}}
{{"sessionId":"22dd27","runId":"focus-ai","hypothesisId":"H7","location":"WindowManagement.ahk","message":"_WM_FindCursorComposerInput.edit-count","data":{"count":6},"timestamp":9580140}}
{{"sessionId":"22dd27","runId":"focus-ai","hypothesisId":"H7","location":"WindowManagement.ahk","message":"_WM_FindCursorComposerInput.no-match","data":{},"timestamp":9580140}}
{{"sessionId":"22dd27","runId":"focus-ai","hypothesisId":"H5","location":"WindowManagement.ahk","message":"fallback-sending-Ctrl+I","data":{"paneWasOpen":0},"timestamp":9580156}}
{{"sessionId":"22dd27","runId":"focus-ai","hypothesisId":"H5","location":"WindowManagement.ahk","message":"fallback-failed-no-focus","data":{"paneWasOpen":0},"timestamp":9581390}}
{{"sessionId":"22dd27","runId":"focus-ai","hypothesisId":"H1","location":"WindowManagement.ahk","message":"FocusCursorAITextField.entry","data":{"targetHwndParam":266440},"timestamp":9584359}}
{{"sessionId":"22dd27","runId":"focus-ai","hypothesisId":"H7","location":"WindowManagement.ahk","message":"_WM_FindCursorComposerInput.edit-count","data":{"count":4},"timestamp":9584843}}
{{"sessionId":"22dd27","runId":"focus-ai","hypothesisId":"H7","location":"WindowManagement.ahk","message":"_WM_FindCursorComposerInput.match","data":{"className":"aislash-editor-input"},"timestamp":9584843}}
{{"sessionId":"22dd27","runId":"focus-ai","hypothesisId":"H5","location":"WindowManagement.ahk","message":"fallback-ui-find-composer-without-toggle","data":{"willSendCtrlI":0},"timestamp":9584859}}
{{"sessionId":"22dd27","runId":"focus-ai","hypothesisId":"H6","location":"WindowManagement.ahk","message":"FocusCursorAITextField.success","data":{"targetHwnd":266440,"paneWasOpen":0},"timestamp":9585015}}
{{"sessionId":"22dd27","runId":"focus-ai","hypothesisId":"H1","location":"WindowManagement.ahk","message":"FocusCursorAITextField.entry","data":{"targetHwndParam":330866},"timestamp":9589546}}
{{"sessionId":"22dd27","runId":"focus-ai","hypothesisId":"H7","location":"WindowManagement.ahk","message":"_WM_FindCursorComposerInput.edit-count","data":{"count":17},"timestamp":9590093}}
{{"sessionId":"22dd27","runId":"focus-ai","hypothesisId":"H7","location":"WindowManagement.ahk","message":"_WM_FindCursorComposerInput.match","data":{"className":"aislash-editor-input"},"timestamp":9590093}}
{{"sessionId":"22dd27","runId":"focus-ai","hypothesisId":"H5","location":"WindowManagement.ahk","message":"fallback-ui-find-composer-without-toggle","data":{"willSendCtrlI":0},"timestamp":9590093}}
{{"sessionId":"22dd27","runId":"focus-ai","hypothesisId":"H6","location":"WindowManagement.ahk","message":"FocusCursorAITextField.success","data":{"targetHwnd":330866,"paneWasOpen":0},"timestamp":9590187}}
{{"sessionId":"22dd27","runId":"focus-ai","hypothesisId":"H1","location":"WindowManagement.ahk","message":"FocusCursorAITextField.entry","data":{"targetHwndParam":266440},"timestamp":9592296}}
{{"sessionId":"22dd27","runId":"focus-ai","hypothesisId":"H7","location":"WindowManagement.ahk","message":"_WM_FindCursorComposerInput.edit-count","data":{"count":2},"timestamp":9592765}}
{{"sessionId":"22dd27","runId":"focus-ai","hypothesisId":"H7","location":"WindowManagement.ahk","message":"_WM_FindCursorComposerInput.no-match","data":{},"timestamp":9592765}}
{{"sessionId":"22dd27","runId":"focus-ai","hypothesisId":"H5","location":"WindowManagement.ahk","message":"fallback-sending-Ctrl+I","data":{"paneWasOpen":0},"timestamp":9592781}}
{{"sessionId":"22dd27","runId":"focus-ai","hypothesisId":"H5","location":"WindowManagement.ahk","message":"fallback-failed-no-focus","data":{"paneWasOpen":0},"timestamp":9594000}}
