2026-08-15 20:55:45	Transaction #1
Field: New menu
Gate: Could not click + then Credit card expense
Selectors attempted:
  - AutomationId=action-button, Type=50000
  - Name=New, Type=50000
2026-08-15 20:56:03	Transaction #1
Field: New menu
Gate: Could not click + then Credit card expense
Selectors attempted:
  - AutomationId=action-button, Type=50000
  - Name=New, Type=50000
2026-08-15 21:25:37	Transaction #1
Field: New menu
Gate: Could not click + then Credit card expense
Selectors attempted:
  - AutomationId=action-button, Type=50000
  - Name=New, Type=50000
2026-08-15 21:26:13	Transaction #1
Field: New menu
Gate: Could not click + then Credit card expense
Selectors attempted:
  - AutomationId=action-button, Type=50000
  - Name=New, Type=50000
2026-08-15 21:29:16	Transaction #1
Field: Category
Gate: Autocomplete mismatch
Detail: wanted Hortifruti got 
Selectors attempted:
  - Open button missing — click combo
  - no Edit — SendText to focused control
2026-08-15 21:30:22	Transaction #1
Field: Card
Gate: Autocomplete mismatch
Detail: wanted Mercado Pago got 
Selectors attempted:
  - Open button
  - Combo Edit + SendText
2026-08-15 21:36:42	Transaction #1
Field: Category
Gate: Autocomplete mismatch
Detail: wanted Hortifruti got Ajuste
Selectors attempted:
  - Open button
  - Combo Edit + SendText
  - Click list option
2026-08-15 21:39:15	Transaction #1
Field: Category
Gate: Autocomplete mismatch
Detail: wanted Hortifruti got Ajuste
Selectors attempted:
  - Open button
  - Combo Edit + SendText
  - Click list option
2026-08-15 21:41:08	Transaction #1
Field: Category
Gate: Autocomplete mismatch
Detail: wanted Hortifruti got Ajuste
Selectors attempted:
  - Open button
  - Combo Edit + SendText
  - Click list option
