2026-08-17 17:16:29.300  ======== AudioBt session 20260817-171629 ========
2026-08-17 17:16:29.300  computer=CA-C-00806 user=FIE7CA
2026-08-17 17:16:29.316  os=Microsoft Windows NT 10.0.26200.0
2026-08-17 17:16:29.319  ps=5.1.26100.8875 sta=STA
2026-08-17 17:16:29.321  action=isolate id=bt:F4F5D8DE977B note=BT|Office|Disconnected
2026-08-17 17:16:29.323  --- snapshot before isolate ---
2026-08-17 17:16:29.323  OpenRadioHandles findFirst=1 plusBthHci=0 plusSetupApi=0 total=1
2026-08-17 17:16:29.323  classic BT audio count=2
2026-08-17 17:16:29.323    bt name=JBL LIVE460NC addr=6C4760619BA3 classicConnected=False class=0x240404
2026-08-17 17:16:29.339    bt name=Office addr=F4F5D8DE977B classicConnected=False class=0x240400
2026-08-17 17:16:29.350  OpenRadioHandles findFirst=1 plusBthHci=0 plusSetupApi=0 total=1
2026-08-17 17:16:29.350  endpoints count=57
2026-08-17 17:16:29.350    ep flow=Out state=0x4 active=False def=False bt=False addr= name=NVIDIA Output (NVIDIA High Definition Audio) id={0.0.0.00000000}.{02a94c50-232b-4f1e-9fff-a160992667af}
2026-08-17 17:16:29.350    ep flow=Out state=0x4 active=False def=False bt=False addr= name={0.0.0.00000000}.{0a0fffbc-2c55-4d23-a9de-c2a32449cd18} id={0.0.0.00000000}.{0a0fffbc-2c55-4d23-a9de-c2a32449cd18}
2026-08-17 17:16:29.350    ep flow=Out state=0x4 active=False def=False bt=False addr= name=Digital Audio (HDMI) (High Definition Audio Device) id={0.0.0.00000000}.{0f7d7243-eba3-4a2b-bd4c-2a087029929b}
2026-08-17 17:16:29.350    ep flow=Out state=0x2 active=False def=False bt=False addr= name=Speakers (PD200X Podcast Microphone) id={0.0.0.00000000}.{3541e1a7-994b-47c2-9bdb-701e87255386}
2026-08-17 17:16:29.350    ep flow=Out state=0x4 active=False def=False bt=True addr=6C4760619BA3 name=Headphones (JBL LIVE460NC) id={0.0.0.00000000}.{443adef0-8655-47d8-a19b-a7b23d24e44d}
2026-08-17 17:16:29.350    ep flow=Out state=0x4 active=False def=False bt=False addr= name=Internal AUX Jack (Intel® Smart Sound Technology for Digital Microphones) id={0.0.0.00000000}.{4d68bdf4-c54d-42a0-8ee7-a667c0c41243}
2026-08-17 17:16:29.350    ep flow=Out state=0x4 active=False def=False bt=False addr= name={0.0.0.00000000}.{4e31ece3-1060-43bf-bae4-ae33bfbe29c2} id={0.0.0.00000000}.{4e31ece3-1060-43bf-bae4-ae33bfbe29c2}
2026-08-17 17:16:29.350    ep flow=Out state=0x4 active=False def=False bt=True addr=6C4760619BA3 name=Internal AUX Jack (JBL LIVE460NC Hands-Free) id={0.0.0.00000000}.{5319f982-4a93-4037-8155-a8f28379dfb1}
2026-08-17 17:16:29.350    ep flow=Out state=0x4 active=False def=False bt=False addr= name=LF27T35 (NVIDIA High Definition Audio) id={0.0.0.00000000}.{55907a7f-dc99-4574-97ef-88de746d8f09}
2026-08-17 17:16:29.350    ep flow=Out state=0x4 active=False def=False bt=False addr= name=Internal AUX Jack (Intel® Smart Sound Technology for Digital Microphones) id={0.0.0.00000000}.{6192982d-9e9f-4ade-a4f6-d3c54d3a0f33}
2026-08-17 17:16:29.350    ep flow=Out state=0x4 active=False def=False bt=False addr= name={0.0.0.00000000}.{624a9897-5151-4f83-b2e1-301d8ce78131} id={0.0.0.00000000}.{624a9897-5151-4f83-b2e1-301d8ce78131}
2026-08-17 17:16:29.350    ep flow=Out state=0x4 active=False def=False bt=False addr= name=LF27T35 (NVIDIA High Definition Audio) id={0.0.0.00000000}.{66bc24c1-32c3-4a87-af1a-fd48f50feba4}
2026-08-17 17:16:29.350    ep flow=Out state=0x4 active=False def=False bt=False addr= name=LF27T35 (NVIDIA High Definition Audio) id={0.0.0.00000000}.{780c1100-3726-443d-a831-ec37c5b0d4d1}
2026-08-17 17:16:29.350    ep flow=Out state=0x4 active=False def=False bt=False addr= name=Digital Audio (HDMI) (High Definition Audio Device) id={0.0.0.00000000}.{7f1376d6-9149-46e0-93c6-cbad14b6047d}
2026-08-17 17:16:29.350    ep flow=Out state=0x4 active=False def=False bt=False addr= name=Internal AUX Jack (Intel® Smart Sound Technology for Digital Microphones) id={0.0.0.00000000}.{7fd3fb18-d176-4239-8b67-bbcf6af6d576}
2026-08-17 17:16:29.350    ep flow=Out state=0x4 active=False def=False bt=False addr= name=Digital Audio (HDMI) (High Definition Audio Device) id={0.0.0.00000000}.{8134391b-c1f9-4c4e-8120-cdf86989bbfc}
2026-08-17 17:16:29.350    ep flow=Out state=0x4 active=False def=False bt=False addr= name={0.0.0.00000000}.{81ec8e4b-47ab-468b-b3de-6160ae641264} id={0.0.0.00000000}.{81ec8e4b-47ab-468b-b3de-6160ae641264}
2026-08-17 17:16:29.350    ep flow=Out state=0x4 active=False def=False bt=False addr= name=NVIDIA Output (NVIDIA High Definition Audio) id={0.0.0.00000000}.{86995131-3684-4457-8cef-300168e70dc3}
2026-08-17 17:16:29.350    ep flow=Out state=0x4 active=False def=False bt=False addr= name={0.0.0.00000000}.{86ca63d6-4578-4c62-abc2-227f852b9737} id={0.0.0.00000000}.{86ca63d6-4578-4c62-abc2-227f852b9737}
2026-08-17 17:16:29.350    ep flow=Out state=0x2 active=False def=False bt=False addr= name=Speakers (Realtek(R) Audio) id={0.0.0.00000000}.{8bfccd6b-932a-4db8-857b-4a6be9971916}
2026-08-17 17:16:29.350    ep flow=Out state=0x4 active=False def=False bt=False addr= name=NVIDIA Output (NVIDIA High Definition Audio) id={0.0.0.00000000}.{9268960c-f91c-4b56-b957-4803b6b92359}
2026-08-17 17:16:29.350    ep flow=Out state=0x4 active=False def=False bt=False addr= name={0.0.0.00000000}.{92f4c522-a1db-4601-83c8-5d16185c1ec1} id={0.0.0.00000000}.{92f4c522-a1db-4601-83c8-5d16185c1ec1}
2026-08-17 17:16:29.350    ep flow=Out state=0x4 active=False def=False bt=False addr= name=LF27T35 (NVIDIA High Definition Audio) id={0.0.0.00000000}.{974ce6cb-424f-4fd3-81f3-373bedd65e78}
2026-08-17 17:16:29.350    ep flow=Out state=0x4 active=False def=False bt=False addr= name={0.0.0.00000000}.{97c56502-6715-43d6-9f20-d671233d3525} id={0.0.0.00000000}.{97c56502-6715-43d6-9f20-d671233d3525}
2026-08-17 17:16:29.350    ep flow=Out state=0x4 active=False def=False bt=False addr= name=LF27T35 (NVIDIA High Definition Audio) id={0.0.0.00000000}.{a307a844-2dde-4555-8ee0-201b2ca905eb}
2026-08-17 17:16:29.350    ep flow=Out state=0x4 active=False def=False bt=False addr= name=Speakers (2- USB Audio Device) id={0.0.0.00000000}.{a3b022c6-3dd0-46a8-8768-4319b004ab61}
2026-08-17 17:16:29.350    ep flow=Out state=0x4 active=False def=False bt=False addr= name=LF27T35 (NVIDIA High Definition Audio) id={0.0.0.00000000}.{a5c522c8-4dd8-43aa-a690-a3e25811d5ab}
2026-08-17 17:16:29.350    ep flow=Out state=0x4 active=False def=False bt=False addr= name=SONY TV  *00 (NVIDIA High Definition Audio) id={0.0.0.00000000}.{c248b965-011c-4c52-afc9-8eaccb52b2e6}
2026-08-17 17:16:29.350    ep flow=Out state=0x2 active=False def=False bt=False addr= name=U32J59x (NVIDIA High Definition Audio) id={0.0.0.00000000}.{ce431619-d409-4684-93de-727fb84929bd}
2026-08-17 17:16:29.350    ep flow=Out state=0x4 active=False def=False bt=False addr= name=Speakers (USB Audio Device) id={0.0.0.00000000}.{d2e23071-8702-45d6-9374-18c4f1cf1665}
2026-08-17 17:16:29.350    ep flow=Out state=0x8 active=False def=False bt=True addr=6C4760619BA3 name=Headphones (JBL LIVE460NC) id={0.0.0.00000000}.{e2f21c58-98c4-40b9-88c3-d831bd25b706}
2026-08-17 17:16:29.350    ep flow=Out state=0x4 active=False def=False bt=False addr= name=NVIDIA Output (NVIDIA High Definition Audio) id={0.0.0.00000000}.{e3f2fd34-5e78-4fb7-9e55-4ee1ee5cf0b4}
2026-08-17 17:16:29.350    ep flow=Out state=0x4 active=False def=False bt=False addr= name={0.0.0.00000000}.{ed0d6948-845a-4048-b4d0-71ddfb738ef7} id={0.0.0.00000000}.{ed0d6948-845a-4048-b4d0-71ddfb738ef7}
2026-08-17 17:16:29.350    ep flow=Out state=0x4 active=False def=False bt=False addr= name={0.0.0.00000000}.{f373ba22-ec7a-46e0-a775-2fdce0a88945} id={0.0.0.00000000}.{f373ba22-ec7a-46e0-a775-2fdce0a88945}
2026-08-17 17:16:29.350    ep flow=Out state=0x4 active=False def=False bt=False addr= name=Digital Audio (HDMI) (High Definition Audio Device) id={0.0.0.00000000}.{f5103979-7c5d-4072-97ed-6948094a2abc}
2026-08-17 17:16:29.350    ep flow=Out state=0x4 active=False def=False bt=False addr= name={0.0.0.00000000}.{f6711a0b-a21f-4f6e-a205-39fc0e50d75c} id={0.0.0.00000000}.{f6711a0b-a21f-4f6e-a205-39fc0e50d75c}
2026-08-17 17:16:29.350    ep flow=Out state=0x8 active=False def=False bt=False addr= name=Headphones (Realtek(R) Audio) id={0.0.0.00000000}.{fe988c8b-0929-43c4-a86e-e00e5ab5095f}
2026-08-17 17:16:29.350    ep flow=In state=0x4 active=False def=False bt=False addr= name=Internal AUX Jack (High Definition Audio Device) id={0.0.1.00000000}.{05df417d-9768-43f6-8c65-0103f97513a2}
2026-08-17 17:16:29.350    ep flow=In state=0x4 active=False def=False bt=False addr= name=Microphone (USB Audio Device) id={0.0.1.00000000}.{0fced970-e3f7-4ff7-ad12-cce832f5a124}
2026-08-17 17:16:29.350    ep flow=In state=0x4 active=False def=False bt=False addr= name=Internal AUX Jack (NVIDIA High Definition Audio) id={0.0.1.00000000}.{0fdebf9e-dffd-4c2f-85be-cfe0230281f0}
2026-08-17 17:16:29.350    ep flow=In state=0x8 active=False def=False bt=True addr=6C4760619BA3 name=Headset (JBL LIVE460NC) id={0.0.1.00000000}.{1f5cfa94-f87c-4775-bc3a-2293eeaa2e75}
2026-08-17 17:16:29.350    ep flow=In state=0x4 active=False def=False bt=False addr= name=Internal AUX Jack (High Definition Audio Device) id={0.0.1.00000000}.{2a01f20d-c8ce-4e53-a286-8b363bad578f}
2026-08-17 17:16:29.350    ep flow=In state=0x4 active=False def=False bt=False addr= name=Internal AUX Jack (High Definition Audio Device) id={0.0.1.00000000}.{3459b954-1fa9-45f9-a26a-f9b79cdb911b}
2026-08-17 17:16:29.350    ep flow=In state=0x4 active=False def=False bt=False addr= name=Internal AUX Jack (High Definition Audio Device) id={0.0.1.00000000}.{3d7f3bff-1000-4bd0-965c-aebfa922830a}
2026-08-17 17:16:29.350    ep flow=In state=0x4 active=False def=False bt=False addr= name={0.0.1.00000000}.{41eab87d-625d-4be6-a856-debbe5ac8951} id={0.0.1.00000000}.{41eab87d-625d-4be6-a856-debbe5ac8951}
2026-08-17 17:16:29.350    ep flow=In state=0x2 active=False def=False bt=False addr= name=Microphone (PD200X Podcast Microphone) id={0.0.1.00000000}.{4fb2b750-a35b-44b7-a002-50f1afbd4c16}
2026-08-17 17:16:29.350    ep flow=In state=0x2 active=False def=False bt=False addr= name=Stereo Mix (Realtek(R) Audio) id={0.0.1.00000000}.{784c2499-4eab-4c53-a48c-55db4f2746a3}
2026-08-17 17:16:29.350    ep flow=In state=0x2 active=False def=False bt=False addr= name=Microphone (C270 HD WEBCAM) id={0.0.1.00000000}.{934ff828-400a-4938-96d0-73a622ecd47b}
2026-08-17 17:16:29.350    ep flow=In state=0x8 active=False def=False bt=False addr= name=External Microphone (Realtek(R) Audio) id={0.0.1.00000000}.{a404a41a-a5db-4251-922b-104122ea4d4e}
2026-08-17 17:16:29.350    ep flow=In state=0x4 active=False def=False bt=False addr= name=Internal AUX Jack (NVIDIA High Definition Audio) id={0.0.1.00000000}.{ae93a7d6-f64b-4d80-a7b1-2b7599c03645}
2026-08-17 17:16:29.350    ep flow=In state=0x4 active=False def=False bt=False addr= name={0.0.1.00000000}.{b21ea087-e37b-4a7b-8da5-e7758361055f} id={0.0.1.00000000}.{b21ea087-e37b-4a7b-8da5-e7758361055f}
2026-08-17 17:16:29.350    ep flow=In state=0x4 active=False def=False bt=True addr=6C4760619BA3 name=Headset (JBL LIVE460NC) id={0.0.1.00000000}.{cd40fb84-221a-4faa-bcc2-db08b65c5d36}
2026-08-17 17:16:29.350    ep flow=In state=0x4 active=False def=False bt=False addr= name=Microphone (DJI MIC MINI) id={0.0.1.00000000}.{d485913a-a360-4578-8fc3-fc1d502869bc}
2026-08-17 17:16:29.350    ep flow=In state=0x4 active=False def=False bt=False addr= name=Microphone (DJI MIC MINI) id={0.0.1.00000000}.{dfe99d1c-80c9-4a52-9436-1663d9ead5bb}
2026-08-17 17:16:29.350    ep flow=In state=0x1 active=True def=True bt=False addr= name=Microphone Array (Intel® Smart Sound Technology for Digital Microphones) id={0.0.1.00000000}.{e6607c60-5b47-4b76-839c-d2558dda7ef0}
2026-08-17 17:16:29.350    ep flow=In state=0x4 active=False def=False bt=False addr= name=Internal AUX Jack (NVIDIA High Definition Audio) id={0.0.1.00000000}.{f61f654b-c0d0-412a-b4a4-85ce684cf86c}
2026-08-17 17:16:29.350    ep flow=In state=0x4 active=False def=False bt=False addr= name=Microphone (2- USB Audio Device) id={0.0.1.00000000}.{f6ce66f2-bb41-40dc-943b-52e8dc0d271c}
2026-08-17 17:16:29.366  Isolate id=bt:F4F5D8DE977B
2026-08-17 17:16:29.368  OpenRadioHandles findFirst=1 plusBthHci=0 plusSetupApi=0 total=1
2026-08-17 17:16:29.368  Isolate resolveBt name=Office addr=F4F5D8DE977B classicConnected=False
2026-08-17 17:16:29.381  OpenRadioHandles findFirst=1 plusBthHci=0 plusSetupApi=0 total=1
2026-08-17 17:16:29.381  OpenRadioHandles findFirst=1 plusBthHci=0 plusSetupApi=0 total=1
2026-08-17 17:16:29.383  DisconnectOtherBtAudio: no other connected BT audio
2026-08-17 17:16:29.383  Isolate needs connect
2026-08-17 17:16:29.383  ConnectBtWithFallback name=Office addr=F4F5D8DE977B
2026-08-17 17:16:29.396  OpenRadioHandles findFirst=1 plusBthHci=0 plusSetupApi=0 total=1
2026-08-17 17:16:29.398  OpenRadioHandles findFirst=1 plusBthHci=0 plusSetupApi=0 total=1
2026-08-17 17:16:29.398  DisconnectOtherBtAudio: no other connected BT audio
2026-08-17 17:16:29.398  OpenRadioHandles findFirst=1 plusBthHci=0 plusSetupApi=0 total=1
2026-08-17 17:16:32.412  BluetoothSetServiceState enable=True svc=0000110b-0000-1000-8000-00805f9b34fb code=0
2026-08-17 17:16:32.412  BluetoothSetServiceState enable=True svc=0000111e-0000-1000-8000-00805f9b34fb code=1060
2026-08-17 17:16:32.414  BluetoothSetServiceState enable=True svc=00001108-0000-1000-8000-00805f9b34fb code=1060
2026-08-17 17:16:32.414  SetBtServices enable=True openedAny=True ok=1 lastCode=1060
2026-08-17 17:16:32.414  SetBtServices ok, waiting for render
2026-08-17 17:16:32.431  OpenRadioHandles findFirst=1 plusBthHci=0 plusSetupApi=0 total=1
2026-08-17 17:16:32.817  OpenRadioHandles findFirst=1 plusBthHci=0 plusSetupApi=0 total=1
2026-08-17 17:16:33.184  OpenRadioHandles findFirst=1 plusBthHci=0 plusSetupApi=0 total=1
2026-08-17 17:16:33.184  WaitForBtAudio active render=true
2026-08-17 17:16:33.198  OpenRadioHandles findFirst=1 plusBthHci=0 plusSetupApi=0 total=1
2026-08-17 17:16:33.221  OpenRadioHandles findFirst=1 plusBthHci=0 plusSetupApi=0 total=1
2026-08-17 17:16:33.221  Isolate connected via BluetoothSetServiceState
2026-08-17 17:16:33.231  OpenRadioHandles findFirst=1 plusBthHci=0 plusSetupApi=0 total=1
2026-08-17 17:16:33.249  OpenRadioHandles findFirst=1 plusBthHci=0 plusSetupApi=0 total=1
2026-08-17 17:16:33.251  SetDefault try name=Headphones (Office) flow=Out state=0x1 id={0.0.0.00000000}.{93c97061-06ed-42c7-be24-7e3dc7800a00}
2026-08-17 17:16:33.314  PolicySetDefault iid=f8679f50-850a-41cf-9c72-430f290290c8 slot=13 hr=0x00000000 lastFail=0xFFFFFFFF
2026-08-17 17:16:33.330  OpenRadioHandles findFirst=1 plusBthHci=0 plusSetupApi=0 total=1
2026-08-17 17:16:33.338  SetDefault hr=0x00000000 nowDefault=True
2026-08-17 17:16:33.355  OpenRadioHandles findFirst=1 plusBthHci=0 plusSetupApi=0 total=1
2026-08-17 17:16:33.355  helper Isolate => OK	Connected via BluetoothSetServiceState and isolated: Headphones (Office)
2026-08-17 17:16:33.355  --- snapshot after ---
2026-08-17 17:16:33.362  OpenRadioHandles findFirst=1 plusBthHci=0 plusSetupApi=0 total=1
2026-08-17 17:16:33.362  classic BT audio count=2
2026-08-17 17:16:33.362    bt name=JBL LIVE460NC addr=6C4760619BA3 classicConnected=False class=0x240404
2026-08-17 17:16:33.362    bt name=Office addr=F4F5D8DE977B classicConnected=True class=0x240400
2026-08-17 17:16:33.375  OpenRadioHandles findFirst=1 plusBthHci=0 plusSetupApi=0 total=1
2026-08-17 17:16:33.375  endpoints count=57
2026-08-17 17:16:33.381    ep flow=Out state=0x4 active=False def=False bt=False addr= name=NVIDIA Output (NVIDIA High Definition Audio) id={0.0.0.00000000}.{02a94c50-232b-4f1e-9fff-a160992667af}
2026-08-17 17:16:33.381    ep flow=Out state=0x4 active=False def=False bt=False addr= name={0.0.0.00000000}.{0a0fffbc-2c55-4d23-a9de-c2a32449cd18} id={0.0.0.00000000}.{0a0fffbc-2c55-4d23-a9de-c2a32449cd18}
2026-08-17 17:16:33.381    ep flow=Out state=0x4 active=False def=False bt=False addr= name=Digital Audio (HDMI) (High Definition Audio Device) id={0.0.0.00000000}.{0f7d7243-eba3-4a2b-bd4c-2a087029929b}
2026-08-17 17:16:33.381    ep flow=Out state=0x2 active=False def=False bt=False addr= name=Speakers (PD200X Podcast Microphone) id={0.0.0.00000000}.{3541e1a7-994b-47c2-9bdb-701e87255386}
2026-08-17 17:16:33.381    ep flow=Out state=0x4 active=False def=False bt=True addr=6C4760619BA3 name=Headphones (JBL LIVE460NC) id={0.0.0.00000000}.{443adef0-8655-47d8-a19b-a7b23d24e44d}
2026-08-17 17:16:33.381    ep flow=Out state=0x4 active=False def=False bt=False addr= name=Internal AUX Jack (Intel® Smart Sound Technology for Digital Microphones) id={0.0.0.00000000}.{4d68bdf4-c54d-42a0-8ee7-a667c0c41243}
2026-08-17 17:16:33.381    ep flow=Out state=0x4 active=False def=False bt=False addr= name={0.0.0.00000000}.{4e31ece3-1060-43bf-bae4-ae33bfbe29c2} id={0.0.0.00000000}.{4e31ece3-1060-43bf-bae4-ae33bfbe29c2}
2026-08-17 17:16:33.381    ep flow=Out state=0x4 active=False def=False bt=True addr=6C4760619BA3 name=Internal AUX Jack (JBL LIVE460NC Hands-Free) id={0.0.0.00000000}.{5319f982-4a93-4037-8155-a8f28379dfb1}
2026-08-17 17:16:33.381    ep flow=Out state=0x4 active=False def=False bt=False addr= name=LF27T35 (NVIDIA High Definition Audio) id={0.0.0.00000000}.{55907a7f-dc99-4574-97ef-88de746d8f09}
2026-08-17 17:16:33.381    ep flow=Out state=0x4 active=False def=False bt=False addr= name=Internal AUX Jack (Intel® Smart Sound Technology for Digital Microphones) id={0.0.0.00000000}.{6192982d-9e9f-4ade-a4f6-d3c54d3a0f33}
2026-08-17 17:16:33.381    ep flow=Out state=0x4 active=False def=False bt=False addr= name=LF27T35 (NVIDIA High Definition Audio) id={0.0.0.00000000}.{66bc24c1-32c3-4a87-af1a-fd48f50feba4}
2026-08-17 17:16:33.381    ep flow=Out state=0x4 active=False def=False bt=False addr= name=LF27T35 (NVIDIA High Definition Audio) id={0.0.0.00000000}.{780c1100-3726-443d-a831-ec37c5b0d4d1}
2026-08-17 17:16:33.381    ep flow=Out state=0x4 active=False def=False bt=False addr= name=Digital Audio (HDMI) (High Definition Audio Device) id={0.0.0.00000000}.{7f1376d6-9149-46e0-93c6-cbad14b6047d}
2026-08-17 17:16:33.381    ep flow=Out state=0x4 active=False def=False bt=False addr= name=Internal AUX Jack (Intel® Smart Sound Technology for Digital Microphones) id={0.0.0.00000000}.{7fd3fb18-d176-4239-8b67-bbcf6af6d576}
2026-08-17 17:16:33.381    ep flow=Out state=0x4 active=False def=False bt=False addr= name=Digital Audio (HDMI) (High Definition Audio Device) id={0.0.0.00000000}.{8134391b-c1f9-4c4e-8120-cdf86989bbfc}
2026-08-17 17:16:33.381    ep flow=Out state=0x4 active=False def=False bt=False addr= name={0.0.0.00000000}.{81ec8e4b-47ab-468b-b3de-6160ae641264} id={0.0.0.00000000}.{81ec8e4b-47ab-468b-b3de-6160ae641264}
2026-08-17 17:16:33.381    ep flow=Out state=0x4 active=False def=False bt=False addr= name=NVIDIA Output (NVIDIA High Definition Audio) id={0.0.0.00000000}.{86995131-3684-4457-8cef-300168e70dc3}
2026-08-17 17:16:33.381    ep flow=Out state=0x4 active=False def=False bt=False addr= name={0.0.0.00000000}.{86ca63d6-4578-4c62-abc2-227f852b9737} id={0.0.0.00000000}.{86ca63d6-4578-4c62-abc2-227f852b9737}
2026-08-17 17:16:33.381    ep flow=Out state=0x2 active=False def=False bt=False addr= name=Speakers (Realtek(R) Audio) id={0.0.0.00000000}.{8bfccd6b-932a-4db8-857b-4a6be9971916}
2026-08-17 17:16:33.381    ep flow=Out state=0x4 active=False def=False bt=False addr= name=NVIDIA Output (NVIDIA High Definition Audio) id={0.0.0.00000000}.{9268960c-f91c-4b56-b957-4803b6b92359}
2026-08-17 17:16:33.384    ep flow=Out state=0x4 active=False def=False bt=False addr= name={0.0.0.00000000}.{92f4c522-a1db-4601-83c8-5d16185c1ec1} id={0.0.0.00000000}.{92f4c522-a1db-4601-83c8-5d16185c1ec1}
2026-08-17 17:16:33.384    ep flow=Out state=0x1 active=True def=True bt=True addr=F4F5D8DE977B name=Headphones (Office) id={0.0.0.00000000}.{93c97061-06ed-42c7-be24-7e3dc7800a00}
2026-08-17 17:16:33.384    ep flow=Out state=0x4 active=False def=False bt=False addr= name=LF27T35 (NVIDIA High Definition Audio) id={0.0.0.00000000}.{974ce6cb-424f-4fd3-81f3-373bedd65e78}
2026-08-17 17:16:33.384    ep flow=Out state=0x4 active=False def=False bt=False addr= name={0.0.0.00000000}.{97c56502-6715-43d6-9f20-d671233d3525} id={0.0.0.00000000}.{97c56502-6715-43d6-9f20-d671233d3525}
2026-08-17 17:16:33.384    ep flow=Out state=0x4 active=False def=False bt=False addr= name=LF27T35 (NVIDIA High Definition Audio) id={0.0.0.00000000}.{a307a844-2dde-4555-8ee0-201b2ca905eb}
2026-08-17 17:16:33.384    ep flow=Out state=0x4 active=False def=False bt=False addr= name=Speakers (2- USB Audio Device) id={0.0.0.00000000}.{a3b022c6-3dd0-46a8-8768-4319b004ab61}
2026-08-17 17:16:33.384    ep flow=Out state=0x4 active=False def=False bt=False addr= name=LF27T35 (NVIDIA High Definition Audio) id={0.0.0.00000000}.{a5c522c8-4dd8-43aa-a690-a3e25811d5ab}
2026-08-17 17:16:33.384    ep flow=Out state=0x4 active=False def=False bt=False addr= name=SONY TV  *00 (NVIDIA High Definition Audio) id={0.0.0.00000000}.{c248b965-011c-4c52-afc9-8eaccb52b2e6}
2026-08-17 17:16:33.384    ep flow=Out state=0x2 active=False def=False bt=False addr= name=U32J59x (NVIDIA High Definition Audio) id={0.0.0.00000000}.{ce431619-d409-4684-93de-727fb84929bd}
2026-08-17 17:16:33.384    ep flow=Out state=0x4 active=False def=False bt=False addr= name=Speakers (USB Audio Device) id={0.0.0.00000000}.{d2e23071-8702-45d6-9374-18c4f1cf1665}
2026-08-17 17:16:33.384    ep flow=Out state=0x8 active=False def=False bt=True addr=6C4760619BA3 name=Headphones (JBL LIVE460NC) id={0.0.0.00000000}.{e2f21c58-98c4-40b9-88c3-d831bd25b706}
2026-08-17 17:16:33.385    ep flow=Out state=0x4 active=False def=False bt=False addr= name=NVIDIA Output (NVIDIA High Definition Audio) id={0.0.0.00000000}.{e3f2fd34-5e78-4fb7-9e55-4ee1ee5cf0b4}
2026-08-17 17:16:33.385    ep flow=Out state=0x4 active=False def=False bt=False addr= name={0.0.0.00000000}.{ed0d6948-845a-4048-b4d0-71ddfb738ef7} id={0.0.0.00000000}.{ed0d6948-845a-4048-b4d0-71ddfb738ef7}
2026-08-17 17:16:33.385    ep flow=Out state=0x4 active=False def=False bt=False addr= name={0.0.0.00000000}.{f373ba22-ec7a-46e0-a775-2fdce0a88945} id={0.0.0.00000000}.{f373ba22-ec7a-46e0-a775-2fdce0a88945}
2026-08-17 17:16:33.385    ep flow=Out state=0x4 active=False def=False bt=False addr= name=Digital Audio (HDMI) (High Definition Audio Device) id={0.0.0.00000000}.{f5103979-7c5d-4072-97ed-6948094a2abc}
2026-08-17 17:16:33.385    ep flow=Out state=0x4 active=False def=False bt=False addr= name={0.0.0.00000000}.{f6711a0b-a21f-4f6e-a205-39fc0e50d75c} id={0.0.0.00000000}.{f6711a0b-a21f-4f6e-a205-39fc0e50d75c}
2026-08-17 17:16:33.385    ep flow=Out state=0x8 active=False def=False bt=False addr= name=Headphones (Realtek(R) Audio) id={0.0.0.00000000}.{fe988c8b-0929-43c4-a86e-e00e5ab5095f}
2026-08-17 17:16:33.385    ep flow=In state=0x4 active=False def=False bt=False addr= name=Internal AUX Jack (High Definition Audio Device) id={0.0.1.00000000}.{05df417d-9768-43f6-8c65-0103f97513a2}
2026-08-17 17:16:33.385    ep flow=In state=0x4 active=False def=False bt=False addr= name=Microphone (USB Audio Device) id={0.0.1.00000000}.{0fced970-e3f7-4ff7-ad12-cce832f5a124}
2026-08-17 17:16:33.385    ep flow=In state=0x4 active=False def=False bt=False addr= name=Internal AUX Jack (NVIDIA High Definition Audio) id={0.0.1.00000000}.{0fdebf9e-dffd-4c2f-85be-cfe0230281f0}
2026-08-17 17:16:33.385    ep flow=In state=0x8 active=False def=False bt=True addr=6C4760619BA3 name=Headset (JBL LIVE460NC) id={0.0.1.00000000}.{1f5cfa94-f87c-4775-bc3a-2293eeaa2e75}
2026-08-17 17:16:33.387    ep flow=In state=0x4 active=False def=False bt=False addr= name=Internal AUX Jack (High Definition Audio Device) id={0.0.1.00000000}.{2a01f20d-c8ce-4e53-a286-8b363bad578f}
2026-08-17 17:16:33.387    ep flow=In state=0x4 active=False def=False bt=False addr= name=Internal AUX Jack (High Definition Audio Device) id={0.0.1.00000000}.{3459b954-1fa9-45f9-a26a-f9b79cdb911b}
2026-08-17 17:16:33.387    ep flow=In state=0x4 active=False def=False bt=False addr= name=Internal AUX Jack (High Definition Audio Device) id={0.0.1.00000000}.{3d7f3bff-1000-4bd0-965c-aebfa922830a}
2026-08-17 17:16:33.387    ep flow=In state=0x4 active=False def=False bt=False addr= name={0.0.1.00000000}.{41eab87d-625d-4be6-a856-debbe5ac8951} id={0.0.1.00000000}.{41eab87d-625d-4be6-a856-debbe5ac8951}
2026-08-17 17:16:33.387    ep flow=In state=0x2 active=False def=False bt=False addr= name=Microphone (PD200X Podcast Microphone) id={0.0.1.00000000}.{4fb2b750-a35b-44b7-a002-50f1afbd4c16}
2026-08-17 17:16:33.387    ep flow=In state=0x2 active=False def=False bt=False addr= name=Stereo Mix (Realtek(R) Audio) id={0.0.1.00000000}.{784c2499-4eab-4c53-a48c-55db4f2746a3}
2026-08-17 17:16:33.387    ep flow=In state=0x2 active=False def=False bt=False addr= name=Microphone (C270 HD WEBCAM) id={0.0.1.00000000}.{934ff828-400a-4938-96d0-73a622ecd47b}
2026-08-17 17:16:33.387    ep flow=In state=0x8 active=False def=False bt=False addr= name=External Microphone (Realtek(R) Audio) id={0.0.1.00000000}.{a404a41a-a5db-4251-922b-104122ea4d4e}
2026-08-17 17:16:33.387    ep flow=In state=0x4 active=False def=False bt=False addr= name=Internal AUX Jack (NVIDIA High Definition Audio) id={0.0.1.00000000}.{ae93a7d6-f64b-4d80-a7b1-2b7599c03645}
2026-08-17 17:16:33.387    ep flow=In state=0x4 active=False def=False bt=False addr= name={0.0.1.00000000}.{b21ea087-e37b-4a7b-8da5-e7758361055f} id={0.0.1.00000000}.{b21ea087-e37b-4a7b-8da5-e7758361055f}
2026-08-17 17:16:33.387    ep flow=In state=0x4 active=False def=False bt=True addr=6C4760619BA3 name=Headset (JBL LIVE460NC) id={0.0.1.00000000}.{cd40fb84-221a-4faa-bcc2-db08b65c5d36}
2026-08-17 17:16:33.387    ep flow=In state=0x4 active=False def=False bt=False addr= name=Microphone (DJI MIC MINI) id={0.0.1.00000000}.{d485913a-a360-4578-8fc3-fc1d502869bc}
2026-08-17 17:16:33.387    ep flow=In state=0x4 active=False def=False bt=False addr= name=Microphone (DJI MIC MINI) id={0.0.1.00000000}.{dfe99d1c-80c9-4a52-9436-1663d9ead5bb}
2026-08-17 17:16:33.387    ep flow=In state=0x1 active=True def=True bt=False addr= name=Microphone Array (Intel® Smart Sound Technology for Digital Microphones) id={0.0.1.00000000}.{e6607c60-5b47-4b76-839c-d2558dda7ef0}
2026-08-17 17:16:33.387    ep flow=In state=0x4 active=False def=False bt=False addr= name=Internal AUX Jack (NVIDIA High Definition Audio) id={0.0.1.00000000}.{f61f654b-c0d0-412a-b4a4-85ce684cf86c}
2026-08-17 17:16:33.387    ep flow=In state=0x4 active=False def=False bt=False addr= name=Microphone (2- USB Audio Device) id={0.0.1.00000000}.{f6ce66f2-bb41-40dc-943b-52e8dc0d271c}
2026-08-17 17:16:33.387  result code=0 OK	Connected via BluetoothSetServiceState and isolated: Headphones (Office)
2026-08-17 17:16:33.387  ======== end 20260817-171629 ========
