2026-08-18 09:18:36.634  ======== AudioBt session 20260818-091836 ========
2026-08-18 09:18:36.635  computer=EDUARDO user=eduev
2026-08-18 09:18:36.637  os=Microsoft Windows NT 10.0.26200.0
2026-08-18 09:18:36.642  ps=5.1.26100.9168 sta=STA
2026-08-18 09:18:36.643  action=isolate id={0.0.1.00000000}.{9236f67f-79b6-4c55-a573-df6e0f8399c3} note=In|Grupo de microfones (2- Realtek(R) Audio)|Disabled
2026-08-18 09:18:36.647  --- snapshot before isolate ---
2026-08-18 09:18:36.652  classic BT audio count=2
2026-08-18 09:18:36.652    bt name=JBL LIVE460NC addr=6C4760619BA3 classicConnected=False class=0x240404
2026-08-18 09:18:36.653    bt name=Office addr=F4F5D8DE977B classicConnected=True class=0x240400
2026-08-18 09:18:36.665  endpoints count=30
2026-08-18 09:18:36.665    ep flow=Out state=0x4 active=False def=False bt=False addr= name=TV (2- HD Audio Driver for Display Audio) id={0.0.0.00000000}.{0955625e-f8ed-4254-8187-c818d2203fa3}
2026-08-18 09:18:36.665    ep flow=Out state=0x4 active=False def=False bt=False addr= name=Alto-falantes (USB Audio Device) id={0.0.0.00000000}.{16a64539-2ccb-4786-868c-23b939a6f365}
2026-08-18 09:18:36.665    ep flow=Out state=0x4 active=False def=False bt=False addr= name=U32J59x (HD Audio Driver for Display Audio) id={0.0.0.00000000}.{16b1aaf3-8f6d-4ea7-b53b-ce2e80e4f861}
2026-08-18 09:18:36.666    ep flow=Out state=0x4 active=False def=False bt=False addr= name=Fones de ouvido (Realtek(R) Audio) id={0.0.0.00000000}.{1ab04f4b-4511-4be5-a79d-a995e1d85ebb}
2026-08-18 09:18:36.666    ep flow=Out state=0x4 active=False def=False bt=False addr= name=U32J59x (2- HD Audio Driver for Display Audio) id={0.0.0.00000000}.{1ab1e271-63ed-43dc-aac3-2b6e1448d35a}
2026-08-18 09:18:36.666    ep flow=Out state=0x4 active=False def=False bt=False addr= name=Alto-falantes (Realtek(R) Audio) id={0.0.0.00000000}.{2cff6449-eb45-48a9-abb0-a55f933a85b7}
2026-08-18 09:18:36.666    ep flow=Out state=0x8 active=False def=False bt=False addr= name=Fones de ouvido (2- Realtek(R) Audio) id={0.0.0.00000000}.{394942f6-8761-4249-82c6-b7cca7ef8a86}
2026-08-18 09:18:36.666    ep flow=Out state=0x4 active=False def=False bt=False addr= name=Alto-falantes (PD200X Podcast Microphone) id={0.0.0.00000000}.{3b0c5a6a-e68c-4b18-94b1-80ebc390dfba}
2026-08-18 09:18:36.666    ep flow=Out state=0x4 active=False def=False bt=False addr= name=U32J59x (HD Audio Driver for Display Audio) id={0.0.0.00000000}.{54211319-7764-4fe3-994a-4268d09ceb27}
2026-08-18 09:18:36.666    ep flow=Out state=0x4 active=False def=False bt=False addr= name=EPSON PJ (2- HD Audio Driver for Display Audio) id={0.0.0.00000000}.{546d34aa-975f-4130-8a90-0b6e5af91ebe}
2026-08-18 09:18:36.666    ep flow=Out state=0x4 active=False def=False bt=False addr= name=Alto-falantes (2- USB Audio Device) id={0.0.0.00000000}.{74716f48-c3aa-41d9-bba8-7f1e351e4854}
2026-08-18 09:18:36.667    ep flow=Out state=0x8 active=False def=False bt=True addr=6C4760619BA3 name=Fones de ouvido (JBL LIVE460NC) id={0.0.0.00000000}.{961ddace-432e-4410-aa4c-e374aa3c85e8}
2026-08-18 09:18:36.667    ep flow=Out state=0x4 active=False def=False bt=False addr= name=EPSON PJ (HD Audio Driver for Display Audio) id={0.0.0.00000000}.{9d9d3c2e-f125-4252-ae63-51d8980ec2b0}
2026-08-18 09:18:36.667    ep flow=Out state=0x1 active=True def=True bt=True addr=F4F5D8DE977B name=Fones de ouvido (Office) id={0.0.0.00000000}.{ae0efc00-f5a6-4949-b829-c5f18914bde1}
2026-08-18 09:18:36.667    ep flow=Out state=0x4 active=False def=False bt=False addr= name=TV PHILCO (2- HD Audio Driver for Display Audio) id={0.0.0.00000000}.{d2769840-0af5-4655-877d-c8b56770163f}
2026-08-18 09:18:36.667    ep flow=Out state=0x2 active=False def=False bt=False addr= name=Alto-falantes (2- Realtek(R) Audio) id={0.0.0.00000000}.{d2cda8f3-6330-4d0b-b560-d788366b7240}
2026-08-18 09:18:36.667    ep flow=In state=0x4 active=False def=False bt=False addr= name=Microfone (PD200X Podcast Microphone) id={0.0.1.00000000}.{068ce7a2-eedf-45c5-ae88-8bd384b37e02}
2026-08-18 09:18:36.667    ep flow=In state=0x4 active=False def=False bt=False addr= name=Microfone (Maono AI Microphone) id={0.0.1.00000000}.{25737f4a-89f6-4fec-bc80-cc1b42c31221}
2026-08-18 09:18:36.668    ep flow=In state=0x2 active=False def=False bt=True addr=6C4760619BA3 name=Headset (JBL LIVE460NC) id={0.0.1.00000000}.{31cad1ec-baad-4f79-ae5b-69c7f33a75d5}
2026-08-18 09:18:36.668    ep flow=In state=0x4 active=False def=False bt=False addr= name=Microfone (Logi C270 HD WebCam) id={0.0.1.00000000}.{555eb582-18ae-4ffb-b534-6d7f79d471ab}
2026-08-18 09:18:36.668    ep flow=In state=0x4 active=False def=False bt=False addr= name=Microfone (Realtek(R) Audio) id={0.0.1.00000000}.{6ceda764-f5bd-40b7-ae55-2ff019ff9f7c}
2026-08-18 09:18:36.668    ep flow=In state=0x8 active=False def=False bt=False addr= name=Microfone Externo (2- Realtek(R) Audio) id={0.0.1.00000000}.{75a33612-8953-44e0-bc19-ebd90d37e74c}
2026-08-18 09:18:36.668    ep flow=In state=0x2 active=False def=False bt=False addr= name=Grupo de microfones (2- Realtek(R) Audio) id={0.0.1.00000000}.{9236f67f-79b6-4c55-a573-df6e0f8399c3}
2026-08-18 09:18:36.668    ep flow=In state=0x4 active=False def=False bt=False addr= name=Mixagem estéreo (Realtek(R) Audio) id={0.0.1.00000000}.{93ad4a06-f8f8-4627-b5b2-97d9d6dcd5b0}
2026-08-18 09:18:36.668    ep flow=In state=0x2 active=False def=False bt=False addr= name=Mixagem estéreo (2- Realtek(R) Audio) id={0.0.1.00000000}.{a599a37f-c3c5-4660-bd15-eb8e9ea7a105}
2026-08-18 09:18:36.669    ep flow=In state=0x4 active=False def=False bt=False addr= name=Microfone (USB Audio Device) id={0.0.1.00000000}.{ade9d85b-94fb-40dc-a8d0-ea968ae36059}
2026-08-18 09:18:36.669    ep flow=In state=0x2 active=False def=False bt=False addr= name=Microfone (Maono AI Microphone) id={0.0.1.00000000}.{b44e7dc2-228d-48f7-9371-05fd34d2ce29}
2026-08-18 09:18:36.669    ep flow=In state=0x4 active=False def=False bt=False addr= name=Microfone (2- USB Audio Device) id={0.0.1.00000000}.{b863ed65-7973-47c8-a265-d633860222ea}
2026-08-18 09:18:36.669    ep flow=In state=0x4 active=False def=False bt=False addr= name=Microfone Externo (Realtek(R) Audio) id={0.0.1.00000000}.{d0dd6c34-831f-4f9a-9a75-c3d0155c6d3c}
2026-08-18 09:18:36.669    ep flow=In state=0x4 active=False def=False bt=False addr= name=Microfone (DJI MIC MINI) id={0.0.1.00000000}.{d6771964-dc7b-4c7a-85e7-901473b36ca5}
2026-08-18 09:18:36.671  --- bt-focus before isolate ---
2026-08-18 09:18:36.673    radio[0] GetRadioInfo=0(ERROR_SUCCESS) name=EDUARDO addr=C88A9A7BB299 class=0x2E410C lmp=12439 mfg=2
2026-08-18 09:18:36.674    classic name=JBL LIVE460NC addr=6C4760619BA3 connected=False remembered=True authenticated=True class=0x240404 lastSeen=2026-08-17 21:45:53 lastUsed=2026-08-17 21:45:53
2026-08-18 09:18:36.675      services countQuery rc=234(ERROR_MORE_DATA) count=10
2026-08-18 09:18:36.676      services enum rc=0(ERROR_SUCCESS) count=10
2026-08-18 09:18:36.676        svc=0000110b-0000-1000-8000-00805f9b34fb
2026-08-18 09:18:36.676        svc=0000110c-0000-1000-8000-00805f9b34fb
2026-08-18 09:18:36.676        svc=0000110e-0000-1000-8000-00805f9b34fb
2026-08-18 09:18:36.676        svc=0000111e-0000-1000-8000-00805f9b34fb
2026-08-18 09:18:36.676        svc=00001200-0000-1000-8000-00805f9b34fb
2026-08-18 09:18:36.677        svc=66666666-6666-6666-6666-666666666666
2026-08-18 09:18:36.677        svc=81c2e72a-0591-443e-a1ff-05f988593351
2026-08-18 09:18:36.677        svc=931c7e8a-540f-4686-b798-e8df0a2ad9f7
2026-08-18 09:18:36.677        svc=df21fe2c-2515-4fdb-8886-f12c4d67927c
2026-08-18 09:18:36.678        svc=f8d1fbe4-7966-4334-8024-ff96c9330e15
2026-08-18 09:18:36.679    classic name=Office addr=F4F5D8DE977B connected=True remembered=True authenticated=True class=0x240400 lastSeen=2026-08-18 09:03:34 lastUsed=2026-08-18 09:03:34
2026-08-18 09:18:36.679      services countQuery rc=234(ERROR_MORE_DATA) count=6
2026-08-18 09:18:36.679      services enum rc=0(ERROR_SUCCESS) count=6
2026-08-18 09:18:36.680        svc=0000110b-0000-1000-8000-00805f9b34fb
2026-08-18 09:18:36.680        svc=0000110c-0000-1000-8000-00805f9b34fb
2026-08-18 09:18:36.680        svc=0000110e-0000-1000-8000-00805f9b34fb
2026-08-18 09:18:36.680        svc=00001800-0000-1000-8000-00805f9b34fb
2026-08-18 09:18:36.680        svc=00001801-0000-1000-8000-00805f9b34fb
2026-08-18 09:18:36.680        svc=0000fea0-0000-1000-8000-00805f9b34fb
2026-08-18 09:18:36.687    bt-ep flow=Out state=0x8 active=False def=False addr=6C4760619BA3 name=Fones de ouvido (JBL LIVE460NC) id={0.0.0.00000000}.{961ddace-432e-4410-aa4c-e374aa3c85e8}
2026-08-18 09:18:36.688    bt-ep flow=Out state=0x1 active=True def=True addr=F4F5D8DE977B name=Fones de ouvido (Office) id={0.0.0.00000000}.{ae0efc00-f5a6-4949-b829-c5f18914bde1}
2026-08-18 09:18:36.688    bt-ep flow=In state=0x2 active=False def=False addr=6C4760619BA3 name=Headset (JBL LIVE460NC) id={0.0.1.00000000}.{31cad1ec-baad-4f79-ae5b-69c7f33a75d5}
2026-08-18 09:18:36.688    bt-ep count=3
2026-08-18 09:18:36.694  Isolate id={0.0.1.00000000}.{9236f67f-79b6-4c55-a573-df6e0f8399c3}
2026-08-18 09:18:36.703  Isolate resolveBt name=<null> addr= classicConnected=False
2026-08-18 09:18:37.101  SetDefault try name=Grupo de microfones (2- Realtek(R) Audio) flow=In state=0x1 id={0.0.1.00000000}.{9236f67f-79b6-4c55-a573-df6e0f8399c3}
2026-08-18 09:18:37.115  PolicySetDefault iid=f8679f50-850a-41cf-9c72-430f290290c8 slot=13 hr=0x00000000 lastFail=0xFFFFFFFF
2026-08-18 09:18:37.124  SetDefault hr=0x00000000 nowDefault=True
2026-08-18 09:18:37.131  helper Isolate => OK	Isolated: Grupo de microfones (2- Realtek(R) Audio)
2026-08-18 09:18:37.137  --- snapshot after ---
2026-08-18 09:18:37.138  classic BT audio count=2
2026-08-18 09:18:37.138    bt name=JBL LIVE460NC addr=6C4760619BA3 classicConnected=False class=0x240404
2026-08-18 09:18:37.139    bt name=Office addr=F4F5D8DE977B classicConnected=True class=0x240400
2026-08-18 09:18:37.146  endpoints count=30
2026-08-18 09:18:37.146    ep flow=Out state=0x4 active=False def=False bt=False addr= name=TV (2- HD Audio Driver for Display Audio) id={0.0.0.00000000}.{0955625e-f8ed-4254-8187-c818d2203fa3}
2026-08-18 09:18:37.147    ep flow=Out state=0x4 active=False def=False bt=False addr= name=Alto-falantes (USB Audio Device) id={0.0.0.00000000}.{16a64539-2ccb-4786-868c-23b939a6f365}
2026-08-18 09:18:37.147    ep flow=Out state=0x4 active=False def=False bt=False addr= name=U32J59x (HD Audio Driver for Display Audio) id={0.0.0.00000000}.{16b1aaf3-8f6d-4ea7-b53b-ce2e80e4f861}
2026-08-18 09:18:37.147    ep flow=Out state=0x4 active=False def=False bt=False addr= name=Fones de ouvido (Realtek(R) Audio) id={0.0.0.00000000}.{1ab04f4b-4511-4be5-a79d-a995e1d85ebb}
2026-08-18 09:18:37.147    ep flow=Out state=0x4 active=False def=False bt=False addr= name=U32J59x (2- HD Audio Driver for Display Audio) id={0.0.0.00000000}.{1ab1e271-63ed-43dc-aac3-2b6e1448d35a}
2026-08-18 09:18:37.147    ep flow=Out state=0x4 active=False def=False bt=False addr= name=Alto-falantes (Realtek(R) Audio) id={0.0.0.00000000}.{2cff6449-eb45-48a9-abb0-a55f933a85b7}
2026-08-18 09:18:37.148    ep flow=Out state=0x8 active=False def=False bt=False addr= name=Fones de ouvido (2- Realtek(R) Audio) id={0.0.0.00000000}.{394942f6-8761-4249-82c6-b7cca7ef8a86}
2026-08-18 09:18:37.148    ep flow=Out state=0x4 active=False def=False bt=False addr= name=Alto-falantes (PD200X Podcast Microphone) id={0.0.0.00000000}.{3b0c5a6a-e68c-4b18-94b1-80ebc390dfba}
2026-08-18 09:18:37.148    ep flow=Out state=0x4 active=False def=False bt=False addr= name=U32J59x (HD Audio Driver for Display Audio) id={0.0.0.00000000}.{54211319-7764-4fe3-994a-4268d09ceb27}
2026-08-18 09:18:37.148    ep flow=Out state=0x4 active=False def=False bt=False addr= name=EPSON PJ (2- HD Audio Driver for Display Audio) id={0.0.0.00000000}.{546d34aa-975f-4130-8a90-0b6e5af91ebe}
2026-08-18 09:18:37.149    ep flow=Out state=0x4 active=False def=False bt=False addr= name=Alto-falantes (2- USB Audio Device) id={0.0.0.00000000}.{74716f48-c3aa-41d9-bba8-7f1e351e4854}
2026-08-18 09:18:37.149    ep flow=Out state=0x8 active=False def=False bt=True addr=6C4760619BA3 name=Fones de ouvido (JBL LIVE460NC) id={0.0.0.00000000}.{961ddace-432e-4410-aa4c-e374aa3c85e8}
2026-08-18 09:18:37.149    ep flow=Out state=0x4 active=False def=False bt=False addr= name=EPSON PJ (HD Audio Driver for Display Audio) id={0.0.0.00000000}.{9d9d3c2e-f125-4252-ae63-51d8980ec2b0}
2026-08-18 09:18:37.149    ep flow=Out state=0x1 active=True def=True bt=True addr=F4F5D8DE977B name=Fones de ouvido (Office) id={0.0.0.00000000}.{ae0efc00-f5a6-4949-b829-c5f18914bde1}
2026-08-18 09:18:37.149    ep flow=Out state=0x4 active=False def=False bt=False addr= name=TV PHILCO (2- HD Audio Driver for Display Audio) id={0.0.0.00000000}.{d2769840-0af5-4655-877d-c8b56770163f}
2026-08-18 09:18:37.149    ep flow=Out state=0x2 active=False def=False bt=False addr= name=Alto-falantes (2- Realtek(R) Audio) id={0.0.0.00000000}.{d2cda8f3-6330-4d0b-b560-d788366b7240}
2026-08-18 09:18:37.149    ep flow=In state=0x4 active=False def=False bt=False addr= name=Microfone (PD200X Podcast Microphone) id={0.0.1.00000000}.{068ce7a2-eedf-45c5-ae88-8bd384b37e02}
2026-08-18 09:18:37.150    ep flow=In state=0x4 active=False def=False bt=False addr= name=Microfone (Maono AI Microphone) id={0.0.1.00000000}.{25737f4a-89f6-4fec-bc80-cc1b42c31221}
2026-08-18 09:18:37.150    ep flow=In state=0x2 active=False def=False bt=True addr=6C4760619BA3 name=Headset (JBL LIVE460NC) id={0.0.1.00000000}.{31cad1ec-baad-4f79-ae5b-69c7f33a75d5}
2026-08-18 09:18:37.150    ep flow=In state=0x4 active=False def=False bt=False addr= name=Microfone (Logi C270 HD WebCam) id={0.0.1.00000000}.{555eb582-18ae-4ffb-b534-6d7f79d471ab}
2026-08-18 09:18:37.150    ep flow=In state=0x4 active=False def=False bt=False addr= name=Microfone (Realtek(R) Audio) id={0.0.1.00000000}.{6ceda764-f5bd-40b7-ae55-2ff019ff9f7c}
2026-08-18 09:18:37.150    ep flow=In state=0x8 active=False def=False bt=False addr= name=Microfone Externo (2- Realtek(R) Audio) id={0.0.1.00000000}.{75a33612-8953-44e0-bc19-ebd90d37e74c}
2026-08-18 09:18:37.150    ep flow=In state=0x1 active=True def=True bt=False addr= name=Grupo de microfones (2- Realtek(R) Audio) id={0.0.1.00000000}.{9236f67f-79b6-4c55-a573-df6e0f8399c3}
2026-08-18 09:18:37.151    ep flow=In state=0x4 active=False def=False bt=False addr= name=Mixagem estéreo (Realtek(R) Audio) id={0.0.1.00000000}.{93ad4a06-f8f8-4627-b5b2-97d9d6dcd5b0}
2026-08-18 09:18:37.151    ep flow=In state=0x2 active=False def=False bt=False addr= name=Mixagem estéreo (2- Realtek(R) Audio) id={0.0.1.00000000}.{a599a37f-c3c5-4660-bd15-eb8e9ea7a105}
2026-08-18 09:18:37.151    ep flow=In state=0x4 active=False def=False bt=False addr= name=Microfone (USB Audio Device) id={0.0.1.00000000}.{ade9d85b-94fb-40dc-a8d0-ea968ae36059}
2026-08-18 09:18:37.151    ep flow=In state=0x2 active=False def=False bt=False addr= name=Microfone (Maono AI Microphone) id={0.0.1.00000000}.{b44e7dc2-228d-48f7-9371-05fd34d2ce29}
2026-08-18 09:18:37.151    ep flow=In state=0x4 active=False def=False bt=False addr= name=Microfone (2- USB Audio Device) id={0.0.1.00000000}.{b863ed65-7973-47c8-a265-d633860222ea}
2026-08-18 09:18:37.151    ep flow=In state=0x4 active=False def=False bt=False addr= name=Microfone Externo (Realtek(R) Audio) id={0.0.1.00000000}.{d0dd6c34-831f-4f9a-9a75-c3d0155c6d3c}
2026-08-18 09:18:37.151    ep flow=In state=0x4 active=False def=False bt=False addr= name=Microfone (DJI MIC MINI) id={0.0.1.00000000}.{d6771964-dc7b-4c7a-85e7-901473b36ca5}
2026-08-18 09:18:37.152  --- bt-focus after ---
2026-08-18 09:18:37.152    radio[0] GetRadioInfo=0(ERROR_SUCCESS) name=EDUARDO addr=C88A9A7BB299 class=0x2E410C lmp=12439 mfg=2
2026-08-18 09:18:37.153    classic name=JBL LIVE460NC addr=6C4760619BA3 connected=False remembered=True authenticated=True class=0x240404 lastSeen=2026-08-17 21:45:53 lastUsed=2026-08-17 21:45:53
2026-08-18 09:18:37.153      services countQuery rc=234(ERROR_MORE_DATA) count=10
2026-08-18 09:18:37.153      services enum rc=0(ERROR_SUCCESS) count=10
2026-08-18 09:18:37.153        svc=0000110b-0000-1000-8000-00805f9b34fb
2026-08-18 09:18:37.153        svc=0000110c-0000-1000-8000-00805f9b34fb
2026-08-18 09:18:37.154        svc=0000110e-0000-1000-8000-00805f9b34fb
2026-08-18 09:18:37.154        svc=0000111e-0000-1000-8000-00805f9b34fb
2026-08-18 09:18:37.154        svc=00001200-0000-1000-8000-00805f9b34fb
2026-08-18 09:18:37.154        svc=66666666-6666-6666-6666-666666666666
2026-08-18 09:18:37.154        svc=81c2e72a-0591-443e-a1ff-05f988593351
2026-08-18 09:18:37.154        svc=931c7e8a-540f-4686-b798-e8df0a2ad9f7
2026-08-18 09:18:37.155        svc=df21fe2c-2515-4fdb-8886-f12c4d67927c
2026-08-18 09:18:37.155        svc=f8d1fbe4-7966-4334-8024-ff96c9330e15
2026-08-18 09:18:37.155    classic name=Office addr=F4F5D8DE977B connected=True remembered=True authenticated=True class=0x240400 lastSeen=2026-08-18 09:03:34 lastUsed=2026-08-18 09:03:34
2026-08-18 09:18:37.155      services countQuery rc=234(ERROR_MORE_DATA) count=6
2026-08-18 09:18:37.156      services enum rc=0(ERROR_SUCCESS) count=6
2026-08-18 09:18:37.156        svc=0000110b-0000-1000-8000-00805f9b34fb
2026-08-18 09:18:37.156        svc=0000110c-0000-1000-8000-00805f9b34fb
2026-08-18 09:18:37.156        svc=0000110e-0000-1000-8000-00805f9b34fb
2026-08-18 09:18:37.156        svc=00001800-0000-1000-8000-00805f9b34fb
2026-08-18 09:18:37.156        svc=00001801-0000-1000-8000-00805f9b34fb
2026-08-18 09:18:37.156        svc=0000fea0-0000-1000-8000-00805f9b34fb
2026-08-18 09:18:37.164    bt-ep flow=Out state=0x8 active=False def=False addr=6C4760619BA3 name=Fones de ouvido (JBL LIVE460NC) id={0.0.0.00000000}.{961ddace-432e-4410-aa4c-e374aa3c85e8}
2026-08-18 09:18:37.164    bt-ep flow=Out state=0x1 active=True def=True addr=F4F5D8DE977B name=Fones de ouvido (Office) id={0.0.0.00000000}.{ae0efc00-f5a6-4949-b829-c5f18914bde1}
2026-08-18 09:18:37.164    bt-ep flow=In state=0x2 active=False def=False addr=6C4760619BA3 name=Headset (JBL LIVE460NC) id={0.0.1.00000000}.{31cad1ec-baad-4f79-ae5b-69c7f33a75d5}
2026-08-18 09:18:37.164    bt-ep count=3
2026-08-18 09:18:37.167  result code=0 OK	Isolated: Grupo de microfones (2- Realtek(R) Audio)
2026-08-18 09:18:37.168  ======== end 20260818-091836 ========
